ARM Linker, 5.03 [Build 76] [MDK-ARM Lite]

==============================================================================

Section Cross References

    startup.o(STACK) refers (Special) to heapauxi.o(.text) for __use_two_region_memory
    startup.o(HEAP) refers (Special) to heapauxi.o(.text) for __use_two_region_memory
    startup.o(RESET) refers (Special) to heapauxi.o(.text) for __use_two_region_memory
    startup.o(RESET) refers to startup.o(STACK) for StackMem
    startup.o(RESET) refers to adctestmain.o(.text) for Timer0A_Handler
    startup.o(RESET) refers to __main.o(!!!main) for __main
    startup.o(.text) refers (Special) to heapauxi.o(.text) for __use_two_region_memory
    startup.o(.text) refers to startup.o(HEAP) for HeapMem
    startup.o(.text) refers to startup.o(STACK) for StackMem
    adctestmain.o(.text) refers to _printf_percent.o(.ARM.Collect$$_printf_percent$$00000000) for _printf_percent
    adctestmain.o(.text) refers to _printf_d.o(.ARM.Collect$$_printf_percent$$00000009) for _printf_d
    adctestmain.o(.text) refers to _printf_dec.o(.text) for _printf_int_dec
    adctestmain.o(.text) refers to startup.o(.text) for DisableInterrupts
    adctestmain.o(.text) refers to adcswtrigger.o(.text) for ADC0_InSeq3
    adctestmain.o(.text) refers to pll.o(.text) for PLL_Init
    adctestmain.o(.text) refers to timer1.o(.text) for Timer1_Init
    adctestmain.o(.text) refers to st7735.o(.text) for ST7735_InitR
    adctestmain.o(.text) refers to noretval__2printf.o(.text) for __2printf
    adctestmain.o(.text) refers to adctestmain.o(.data) for ADCvalue
    adctestmain.o(.text) refers to adctestmain.o(.bss) for currentTimeDump
    st7735.o(.text) refers to st7735.o(.data) for RowStart
    st7735.o(.text) refers to st7735.o(.constdata) for Bcmd
    st7735.o(.text) refers to st7735.o(.bss) for Message
    __2printf.o(.text) refers to _printf_char_file.o(.text) for _printf_char_file
    __2printf.o(.text) refers to stdio_streams.o(.bss) for __stdout
    noretval__2printf.o(.text) refers to _printf_char_file.o(.text) for _printf_char_file
    noretval__2printf.o(.text) refers to stdio_streams.o(.bss) for __stdout
    __printf.o(.text) refers to _printf_percent.o(.ARM.Collect$$_printf_percent$$00000000) for _printf_percent
    _printf_dec.o(.text) refers to _printf_intcommon.o(.text) for _printf_int_common
    __printf_flags.o(.text) refers to _printf_percent.o(.ARM.Collect$$_printf_percent$$00000000) for _printf_percent
    __printf_flags.o(.text) refers to __printf_flags.o(.constdata) for .constdata
    __printf_ss.o(.text) refers to _printf_percent.o(.ARM.Collect$$_printf_percent$$00000000) for _printf_percent
    __printf_flags_ss.o(.text) refers to _printf_percent.o(.ARM.Collect$$_printf_percent$$00000000) for _printf_percent
    __printf_flags_ss.o(.text) refers to __printf_flags_ss.o(.constdata) for .constdata
    __printf_wp.o(.text) refers to __printf_wp.o(i._is_digit) for _is_digit
    __printf_wp.o(.text) refers to _printf_percent.o(.ARM.Collect$$_printf_percent$$00000000) for _printf_percent
    __printf_flags_wp.o(.text) refers to __printf_wp.o(i._is_digit) for _is_digit
    __printf_flags_wp.o(.text) refers to _printf_percent.o(.ARM.Collect$$_printf_percent$$00000000) for _printf_percent
    __printf_flags_wp.o(.text) refers to __printf_flags_wp.o(.constdata) for .constdata
    __printf_ss_wp.o(.text) refers to __printf_wp.o(i._is_digit) for _is_digit
    __printf_ss_wp.o(.text) refers to _printf_percent.o(.ARM.Collect$$_printf_percent$$00000000) for _printf_percent
    __printf_flags_ss_wp.o(.text) refers to __printf_wp.o(i._is_digit) for _is_digit
    __printf_flags_ss_wp.o(.text) refers to _printf_percent.o(.ARM.Collect$$_printf_percent$$00000000) for _printf_percent
    __printf_flags_ss_wp.o(.text) refers to __printf_flags_ss_wp.o(.constdata) for .constdata
    _printf_d.o(.ARM.Collect$$_printf_percent$$00000009) refers (Weak) to _printf_dec.o(.text) for _printf_int_dec
    _printf_percent.o(.ARM.Collect$$_printf_percent$$00000000) refers (Special) to _printf_percent_end.o(.ARM.Collect$$_printf_percent$$00000017) for _printf_percent_end
    __main.o(!!!main) refers to rtentry.o(.ARM.Collect$$rtentry$$00000000) for __rt_entry
    rtentry.o(.ARM.Collect$$rtentry$$00000000) refers (Special) to rtentry2.o(.ARM.Collect$$rtentry$$0000000A) for __rt_entry_li
    rtentry.o(.ARM.Collect$$rtentry$$00000000) refers (Special) to rtentry2.o(.ARM.Collect$$rtentry$$0000000D) for __rt_entry_main
    rtentry.o(.ARM.Collect$$rtentry$$00000000) refers (Special) to rtentry2.o(.ARM.Collect$$rtentry$$0000000C) for __rt_entry_postli_1
    rtentry.o(.ARM.Collect$$rtentry$$00000000) refers (Special) to rtentry2.o(.ARM.Collect$$rtentry$$00000009) for __rt_entry_postsh_1
    rtentry.o(.ARM.Collect$$rtentry$$00000000) refers (Special) to rtentry2.o(.ARM.Collect$$rtentry$$00000002) for __rt_entry_presh_1
[...]
    fopen_locked.o(.text) refers to fclose.o(.text) for _fclose_internal
    fopen_locked.o(.text) refers to sys_io.o(.text) for _sys_open
    fopen_locked.o(.text) refers to fseek.o(.text) for _fseek
    fopen_locked.o(.text) refers to h1_alloc.o(.text) for malloc
    fopen_locked.o(.text) refers to rt_memclr_w.o(.text) for __aeabi_memclr4
    fopen_locked.o(.text) refers to streamlock.o(.data) for _stream_list_lock
    fopen_locked.o(.text) refers to stdio_streams.o(.bss) for __stdin
    exit.o(.text) refers to rtexit.o(.ARM.Collect$$rtexit$$00000000) for __rt_exit
    defsig_rtred_outer.o(.text) refers to defsig_rtred_inner.o(.text) for __rt_SIGRTRED_inner
    defsig_rtred_outer.o(.text) refers to defsig_exit.o(.text) for __sig_exit
    defsig_rtred_formal.o(.text) refers to rt_raise.o(.text) for __rt_raise
    libinit.o(.ARM.Collect$$libinit$$00000000) refers (Special) to libinit2.o(.ARM.Collect$$libinit$$0000002C) for __rt_lib_init_alloca_1
    libinit.o(.ARM.Collect$$libinit$$00000000) refers (Special) to libinit2.o(.ARM.Collect$$libinit$$0000002A) for __rt_lib_init_argv_1
    libinit.o(.ARM.Collect$$libinit$$00000000) refers (Special) to libinit2.o(.ARM.Collect$$libinit$$00000019) for __rt_lib_init_atexit_1
    libinit.o(.ARM.Collect$$libinit$$00000000) refers (Special) to libinit2.o(.ARM.Collect$$libinit$$0000001F) for __rt_lib_init_clock_1
    libinit.o(.ARM.Collect$$libinit$$00000000) refers (Special) to libinit2.o(.ARM.Collect$$libinit$$00000030) for __rt_lib_init_cpp_1
    libinit.o(.ARM.Collect$$libinit$$00000000) refers (Special) to libinit2.o(.ARM.Collect$$libinit$$0000002E) for __rt_lib_init_exceptions_1
    libinit.o(.ARM.Collect$$libinit$$00000000) refers (Special) to libinit2.o(.ARM.Collect$$libinit$$00000001) for __rt_lib_init_fp_1
    libinit.o(.ARM.Collect$$libinit$$00000000) refers (Special) to libinit2.o(.ARM.Collect$$libinit$$0000001D) for __rt_lib_init_fp_trap_1
    libinit.o(.ARM.Collect$$libinit$$00000000) refers (Special) to libinit2.o(.ARM.Collect$$libinit$$00000021) for __rt_lib_init_getenv_1
    libinit.o(.ARM.Collect$$libinit$$00000000) refers (Special) to libinit2.o(.ARM.Collect$$libinit$$00000008) for __rt_lib_init_heap_1
    libinit.o(.ARM.Collect$$libinit$$00000000) refers (Special) to libinit2.o(.ARM.Collect$$libinit$$0000000F) for __rt_lib_init_lc_collate_1
    libinit.o(.ARM.Collect$$libinit$$00000000) refers (Special) to libinit2.o(.ARM.Collect$$libinit$$00000011) for __rt_lib_init_lc_ctype_1
    libinit.o(.ARM.Collect$$libinit$$00000000) refers (Special) to libinit2.o(.ARM.Collect$$libinit$$00000013) for __rt_lib_init_lc_monetary_1
    libinit.o(.ARM.Collect$$libinit$$00000000) refers (Special) to libinit2.o(.ARM.Collect$$libinit$$00000015) for __rt_lib_init_lc_numeric_1
    libinit.o(.ARM.Collect$$libinit$$00000000) refers (Special) to libinit2.o(.ARM.Collect$$libinit$$00000017) for __rt_lib_init_lc_time_1
    libinit.o(.ARM.Collect$$libinit$$00000000) refers (Special) to libinit2.o(.ARM.Collect$$libinit$$0000000C) for __rt_lib_init_rand_1
    libinit.o(.ARM.Collect$$libinit$$00000000) refers (Special) to libinit2.o(.ARM.Collect$$libinit$$00000031) for __rt_lib_init_return
    libinit.o(.ARM.Collect$$libinit$$00000000) refers (Special) to libinit2.o(.ARM.Collect$$libinit$$0000001B) for __rt_lib_init_signal_1
    libinit.o(.ARM.Collect$$libinit$$00000000) refers (Special) to libinit2.o(.ARM.Collect$$libinit$$00000023) for __rt_lib_init_stdio_1
    libinit.o(.ARM.Collect$$libinit$$00000000) refers (Special) to libinit2.o(.ARM.Collect$$libinit$$0000000A) for __rt_lib_init_user_alloc_1
    libinit2.o(.ARM.Collect$$libinit$$00000001) refers to fpinit.o(x$fpl$fpinit) for _fp_init
    libinit2.o(.ARM.Collect$$libinit$$00000003) refers (Weak) to init_alloc.o(.text) for _init_alloc
    libinit2.o(.ARM.Collect$$libinit$$0000000E) refers to libinit2.o(.ARM.Collect$$libinit$$0000000D) for .ARM.Collect$$libinit$$0000000D
    libinit2.o(.ARM.Collect$$libinit$$00000010) refers to libinit2.o(.ARM.Collect$$libinit$$0000000D) for .ARM.Collect$$libinit$$0000000D
    libinit2.o(.ARM.Collect$$libinit$$00000012) refers to libinit2.o(.ARM.Collect$$libinit$$0000000D) for .ARM.Collect$$libinit$$0000000D
    libinit2.o(.ARM.Collect$$libinit$$00000014) refers to libinit2.o(.ARM.Collect$$libinit$$0000000D) for .ARM.Collect$$libinit$$0000000D
    libinit2.o(.ARM.Collect$$libinit$$00000016) refers to libinit2.o(.ARM.Collect$$libinit$$0000000D) for .ARM.Collect$$libinit$$0000000D
    libinit2.o(.ARM.Collect$$libinit$$00000022) refers (Weak) to initio.o(.text) for _initio
    libinit2.o(.ARM.Collect$$libinit$$00000024) refers to argv_veneer.o(.emb_text) for __ARM_argv_veneer
    libinit2.o(.ARM.Collect$$libinit$$00000025) refers to argv_veneer.o(.emb_text) for __ARM_argv_veneer
    libshutdown2.o(.ARM.Collect$$libshutdown$$00000002) refers (Weak) to initio.o(.text) for _terminateio
    libshutdown2.o(.ARM.Collect$$libshutdown$$0000000C) refers (Weak) to term_alloc.o(.text) for _terminate_alloc
    libspace.o(.text) refers to libspace.o(.bss) for __libspace_start
    rtexit.o(.ARM.Collect$$rtexit$$00000000) refers (Special) to rtexit2.o(.ARM.Collect$$rtexit$$00000004) for __rt_exit_exit
    rtexit.o(.ARM.Collect$$rtexit$$00000000) refers (Special) to rtexit2.o(.ARM.Collect$$rtexit$$00000003) for __rt_exit_ls
    rtexit.o(.ARM.Collect$$rtexit$$00000000) refers (Special) to rtexit2.o(.ARM.Collect$$rtexit$$00000002) for __rt_exit_prels_1
    rtexit.o(.ARM.exidx) refers (Special) to rtexit2.o(.ARM.Collect$$rtexit$$00000004) for __rt_exit_exit
    rtexit.o(.ARM.exidx) refers (Special) to rtexit2.o(.ARM.Collect$$rtexit$$00000003) for __rt_exit_ls
    rtexit.o(.ARM.exidx) refers (Special) to rtexit2.o(.ARM.Collect$$rtexit$$00000002) for __rt_exit_prels_1
    rtexit.o(.ARM.exidx) refers to rtexit.o(.ARM.Collect$$rtexit$$00000000) for .ARM.Collect$$rtexit$$00000000
    rt_raise.o(.text) refers to __raise.o(.text) for __raise
    rt_raise.o(.text) refers to sys_exit.o(.text) for _sys_exit
    rt_heap_descriptor.o(.text) refers to rt_heap_descriptor.o(.bss) for __rt_heap_descriptor_data
    rt_heap_descriptor_intlibspace.o(.text) refers to libspace.o(.bss) for __libspace_start
    init_alloc.o(.text) refers (Special) to hguard.o(.text) for __heap$guard
    init_alloc.o(.text) refers (Special) to libinit2.o(.ARM.Collect$$libinit$$00000003) for __rt_lib_init_heap_2
    init_alloc.o(.text) refers (Special) to maybetermalloc1.o(.emb_text) for _maybe_terminate_alloc
    init_alloc.o(.text) refers to h1_extend.o(.text) for __Heap_ProvideMemory
    init_alloc.o(.text) refers to defsig_rtmem_outer.o(.text) for __rt_SIGRTMEM
    init_alloc.o(.text) refers to rt_heap_descriptor_intlibspace.o(.text) for __rt_heap_descriptor
    init_alloc.o(.text) refers to h1_init.o(.text) for __Heap_Initialize
    malloc.o(.text) refers (Special) to hguard.o(.text) for __heap$guard
    malloc.o(.text) refers (Special) to init_alloc.o(.text) for _init_alloc
    malloc.o(.text) refers to rt_heap_descriptor_intlibspace.o(.text) for __rt_heap_descriptor
    malloc.o(.text) refers to heapstubs.o(.text) for __Heap_Alloc
    h1_alloc.o(.text) refers (Special) to h1_init.o(.text) for __Heap_Initialize
    h1_alloc.o(.text) refers to rt_heap_descriptor_intlibspace.o(.text) for __rt_heap_descriptor
    h1_alloc.o(.text) refers to init_alloc.o(.text) for __Heap_Full
    h1_alloc_mt.o(.text) refers (Special) to h1_init.o(.text) for __Heap_Initialize
    h1_alloc_mt.o(.text) refers to init_alloc.o(.text) for __Heap_Full
    h1_alloc_mt.o(.text) refers to rt_heap_descriptor_intlibspace.o(.text) for __rt_heap_descriptor
    fseek.o(.text) refers to sys_io.o(.text) for _sys_istty
    fseek.o(.text) refers to ftell.o(.text) for _ftell_internal
    fseek.o(.text) refers to stdio.o(.text) for _seterr
    stdio.o(.text) refers to sys_io.o(.text) for _sys_seek
    defsig_exit.o(.text) refers to sys_exit.o(.text) for _sys_exit
    defsig_rtred_inner.o(.text) refers to defsig_general.o(.text) for __default_signal_display
    argv_veneer.o(.emb_text) refers to no_argv.o(.text) for __ARM_get_argv
    sys_exit.o(.text) refers (Special) to use_no_semi.o(.text) for __I$use$semihosting
    sys_exit.o(.text) refers (Special) to indicate_semi.o(.text) for __semihosting_library_function
    rtexit2.o(.ARM.Collect$$rtexit$$00000003) refers to libshutdown.o(.ARM.Collect$$libshutdown$$00000000) for __rt_lib_shutdown
    rtexit2.o(.ARM.Collect$$rtexit$$00000004) refers to sys_exit.o(.text) for _sys_exit
    rtexit2.o(.ARM.exidx) refers to rtexit2.o(.ARM.Collect$$rtexit$$00000001) for .ARM.Collect$$rtexit$$00000001
    rtexit2.o(.ARM.exidx) refers to rtexit2.o(.ARM.Collect$$rtexit$$00000003) for .ARM.Collect$$rtexit$$00000003
    rtexit2.o(.ARM.exidx) refers to rtexit2.o(.ARM.Collect$$rtexit$$00000004) for .ARM.Collect$$rtexit$$00000004
    maybetermalloc2.o(.emb_text) refers (Special) to term_alloc.o(.text) for _terminate_alloc
    h1_extend.o(.text) refers to h1_free.o(.text) for free
    h1_init_mt.o(.text) refers to mutex_dummy.o(.text) for _mutex_initialize
    h1_extend_mt.o(.text) refers to h1_free_mt.o(.text) for _free_internal
    ftell.o(.text) refers to rt_errno_addr_intlibspace.o(.text) for __aeabi_errno_addr
    __raise.o(.text) refers to defsig.o(CL$$defsig) for __default_signal_handler
    defsig_general.o(.text) refers to sys_wrch.o(.text) for _ttywrch
    defsig_rtmem_outer.o(.text) refers to defsig_rtmem_inner.o(.text) for __rt_SIGRTMEM_inner
    defsig_rtmem_outer.o(.text) refers to defsig_exit.o(.text) for __sig_exit
    defsig_rtmem_formal.o(.text) refers to rt_raise.o(.text) for __rt_raise
    heapauxa.o(.text) refers to heapauxa.o(.data) for .data
    _get_argv.o(.text) refers (Special) to hrguard.o(.text) for __heap_region$guard
    _get_argv.o(.text) refers to h1_alloc.o(.text) for malloc
    _get_argv.o(.text) refers to defsig_rtmem_outer.o(.text) for __rt_SIGRTMEM
    _get_argv.o(.text) refers to sys_command.o(.text) for _sys_command_string
    _get_argv_nomalloc.o(.text) refers (Special) to hrguard.o(.text) for __heap_region$guard
    _get_argv_nomalloc.o(.text) refers to defsig_rtmem_outer.o(.text) for __rt_SIGRTMEM
    _get_argv_nomalloc.o(.text) refers to sys_command.o(.text) for _sys_command_string
    sys_wrch.o(.text) refers (Special) to use_no_semi.o(.text) for __I$use$semihosting
    sys_wrch.o(.text) refers (Special) to indicate_semi.o(.text) for __semihosting_library_function
    sys_command.o(.text) refers (Special) to use_no_semi.o(.text) for __I$use$semihosting
    sys_command.o(.text) refers (Special) to indicate_semi.o(.text) for __semihosting_library_function
    rt_errno_addr.o(.text) refers to rt_errno_addr.o(.bss) for __aeabi_errno_addr_data
    rt_errno_addr_intlibspace.o(.text) refers to libspace.o(.bss) for __libspace_start
    term_alloc.o(.text) refers (Special) to libshutdown2.o(.ARM.Collect$$libshutdown$$0000000D) for __rt_lib_shutdown_heap_2
    term_alloc.o(.text) refers to rt_heap_descriptor_intlibspace.o(.text) for __rt_heap_descriptor
    term_alloc.o(.text) refers to h1_final.o(.text) for __Heap_Finalize
    defsig_rtmem_inner.o(.text) refers to defsig_general.o(.text) for __default_signal_display
    defsig.o(CL$$defsig) refers to defsig_rtred_inner.o(.text) for __rt_SIGRTRED_inner
    defsig.o(CL$$defsig) refers to defsig_rtmem_inner.o(.text) for __rt_SIGRTMEM_inner
    libshutdown.o(.ARM.Collect$$libshutdown$$00000000) refers (Special) to libshutdown2.o(.ARM.Collect$$libshutdown$$00000006) for __rt_lib_shutdown_fp_trap_1
    libshutdown.o(.ARM.Collect$$libshutdown$$00000000) refers (Special) to libshutdown2.o(.ARM.Collect$$libshutdown$$0000000E) for __rt_lib_shutdown_heap_1
    libshutdown.o(.ARM.Collect$$libshutdown$$00000000) refers (Special) to libshutdown2.o(.ARM.Collect$$libshutdown$$0000000F) for __rt_lib_shutdown_return
    libshutdown.o(.ARM.Collect$$libshutdown$$00000000) refers (Special) to libshutdown2.o(.ARM.Collect$$libshutdown$$00000009) for __rt_lib_shutdown_signal_1
    libshutdown.o(.ARM.Collect$$libshutdown$$00000000) refers (Special) to libshutdown2.o(.ARM.Collect$$libshutdown$$00000003) for __rt_lib_shutdown_stdio_1
    libshutdown.o(.ARM.Collect$$libshutdown$$00000000) refers (Special) to libshutdown2.o(.ARM.Collect$$libshutdown$$0000000B) for __rt_lib_shutdown_user_alloc_1
    defsig_abrt_inner.o(.text) refers to defsig_general.o(.text) for __default_signal_display
    defsig_fpe_inner.o(.text) refers to defsig_general.o(.text) for __default_signal_display
    defsig_stak_inner.o(.text) refers to defsig_general.o(.text) for __default_signal_display
    defsig_pvfn_inner.o(.text) refers to defsig_general.o(.text) for __default_signal_display
    defsig_cppl_inner.o(.text) refers to defsig_general.o(.text) for __default_signal_display
    defsig_segv_inner.o(.text) refers to defsig_general.o(.text) for __default_signal_display
    defsig_other.o(.text) refers to defsig_general.o(.text) for __default_signal_display


==============================================================================

Image Symbol Table

    Local Symbols

    Symbol Name                              Value     Ov Type        Size  Object(Section)

    RESET                                    0x00000000   Section      644  startup.o(RESET)
    ../clib/angel/boardlib.s                 0x00000000   Number         0  boardinit1.o ABSOLUTE
    ../clib/angel/boardlib.s                 0x00000000   Number         0  boardinit2.o ABSOLUTE
    ../clib/angel/boardlib.s                 0x00000000   Number         0  boardinit3.o ABSOLUTE
    ../clib/angel/boardlib.s                 0x00000000   Number         0  boardshut.o ABSOLUTE
    ../clib/angel/handlers.s                 0x00000000   Number         0  __scatter_zi.o ABSOLUTE
    ../clib/angel/handlers.s                 0x00000000   Number         0  __scatter_copy.o ABSOLUTE
    ../clib/angel/kernel.s                   0x00000000   Number         0  rtexit2.o ABSOLUTE
    ../clib/angel/kernel.s                   0x00000000   Number         0  rtexit.o ABSOLUTE
    ../clib/angel/kernel.s                   0x00000000   Number         0  rtentry2.o ABSOLUTE
    ../clib/angel/kernel.s                   0x00000000   Number         0  rtentry4.o ABSOLUTE
    ../clib/angel/kernel.s                   0x00000000   Number         0  rtentry.o ABSOLUTE
    ../clib/angel/rt.s                       0x00000000   Number         0  rt_errno_addr_intlibspace.o ABSOLUTE
    ../clib/angel/rt.s                       0x00000000   Number         0  rt_heap_descriptor.o ABSOLUTE
    ../clib/angel/rt.s                       0x00000000   Number         0  rt_errno_addr.o ABSOLUTE
    ../clib/angel/rt.s                       0x00000000   Number         0  rt_raise.o ABSOLUTE
    ../clib/angel/rt.s                       0x00000000   Number         0  rt_heap_descriptor_intlibspace.o ABSOLUTE
    ../clib/angel/scatter.s                  0x00000000   Number         0  __scatter.o ABSOLUTE
    ../clib/angel/startup.s                  0x00000000   Number         0  __main.o ABSOLUTE
    ../clib/angel/sys.s                      0x00000000   Number         0  use_no_semi.o ABSOLUTE
    ../clib/angel/sys.s                      0x00000000   Number         0  indicate_semi.o ABSOLUTE
    ../clib/angel/sys.s                      0x00000000   Number         0  sys_stackheap_outer.o ABSOLUTE
    ../clib/angel/sys.s                      0x00000000   Number         0  mutex_dummy.o ABSOLUTE
    ../clib/angel/sys.s                      0x00000000   Number         0  libspace.o ABSOLUTE
    ../clib/angel/sysapp.c                   0x00000000   Number         0  sys_command.o ABSOLUTE
    ../clib/angel/sysapp.c                   0x00000000   Number         0  sys_wrch.o ABSOLUTE
    ../clib/angel/sysapp.c                   0x00000000   Number         0  sys_exit.o ABSOLUTE
    ../clib/angel/sysapp.c                   0x00000000   Number         0  sys_io.o ABSOLUTE
    ../clib/armsys.c                         0x00000000   Number         0  _get_argv_nomalloc.o ABSOLUTE
    ../clib/armsys.c                         0x00000000   Number         0  no_argv.o ABSOLUTE
    ../clib/armsys.c                         0x00000000   Number         0  _get_argv.o ABSOLUTE
    ../clib/armsys.c                         0x00000000   Number         0  argv_veneer.o ABSOLUTE
    ../clib/armsys.c                         0x00000000   Number         0  argv_veneer.o ABSOLUTE
    ../clib/heap1.c                          0x00000000   Number         0  h1_free.o ABSOLUTE
    ../clib/heap1.c                          0x00000000   Number         0  h1_final_mt.o ABSOLUTE
    ../clib/heap1.c                          0x00000000   Number         0  h1_alloc.o ABSOLUTE
    ../clib/heap1.c                          0x00000000   Number         0  h1_alloc_mt.o ABSOLUTE
    ../clib/heap1.c                          0x00000000   Number         0  h1_free_mt.o ABSOLUTE
    ../clib/heap1.c                          0x00000000   Number         0  h1_init.o ABSOLUTE
    ../clib/heap1.c                          0x00000000   Number         0  h1_extend_mt.o ABSOLUTE
    ../clib/heap1.c                          0x00000000   Number         0  h1_final.o ABSOLUTE
    ../clib/heap1.c                          0x00000000   Number         0  h1_init_mt.o ABSOLUTE
    ../clib/heap1.c                          0x00000000   Number         0  h1_extend.o ABSOLUTE
    ../clib/heap2.c                          0x00000000   Number         0  fdtree.o ABSOLUTE
    ../clib/heap2.c                          0x00000000   Number         0  heap2.o ABSOLUTE
    ../clib/heap2.c                          0x00000000   Number         0  heap2mt.o ABSOLUTE
    ../clib/heapalloc.c                      0x00000000   Number         0  free.o ABSOLUTE
    ../clib/heapalloc.c                      0x00000000   Number         0  malloc.o ABSOLUTE
    ../clib/heapalloc.c                      0x00000000   Number         0  heapstubs.o ABSOLUTE
    ../clib/heapalloc.c                      0x00000000   Number         0  maybetermalloc1.o ABSOLUTE
    ../clib/heapalloc.c                      0x00000000   Number         0  init_alloc.o ABSOLUTE
    ../clib/heapalloc.c                      0x00000000   Number         0  maybetermalloc2.o ABSOLUTE
    ../clib/heapalloc.c                      0x00000000   Number         0  hguard.o ABSOLUTE
    ../clib/heapalloc.c                      0x00000000   Number         0  hrguard.o ABSOLUTE
    ../clib/heapalloc.c                      0x00000000   Number         0  maybetermalloc2.o ABSOLUTE
    ../clib/heapalloc.c                      0x00000000   Number         0  term_alloc.o ABSOLUTE
    ../clib/heapalloc.c                      0x00000000   Number         0  maybetermalloc1.o ABSOLUTE
    ../clib/heapaux.c                        0x00000000   Number         0  heapauxa.o ABSOLUTE
    ../clib/heapaux.c                        0x00000000   Number         0  heapauxi.o ABSOLUTE
    ../clib/libinit.s                        0x00000000   Number         0  libshutdown.o ABSOLUTE
    ../clib/libinit.s                        0x00000000   Number         0  libshutdown2.o ABSOLUTE
    ../clib/libinit.s                        0x00000000   Number         0  libinit2.o ABSOLUTE
    ../clib/libinit.s                        0x00000000   Number         0  libinit.o ABSOLUTE
    ../clib/memcpset.s                       0x00000000   Number         0  rt_memcpy_w.o ABSOLUTE
    ../clib/memcpset.s                       0x00000000   Number         0  rt_memclr_w.o ABSOLUTE
    ../clib/printf.c                         0x00000000   Number         0  __printf_wp.o ABSOLUTE
    ../clib/printf.c                         0x00000000   Number         0  __printf_flags_ss_wp.o ABSOLUTE
    ../clib/printf.c                         0x00000000   Number         0  _printf_intcommon.o ABSOLUTE
    ../clib/printf.c                         0x00000000   Number         0  __printf_ss_wp.o ABSOLUTE
    ../clib/printf.c                         0x00000000   Number         0  _printf_char_file.o ABSOLUTE
    ../clib/printf.c                         0x00000000   Number         0  __printf_flags_wp.o ABSOLUTE
    ../clib/printf.c                         0x00000000   Number         0  _printf_char_common.o ABSOLUTE
    ../clib/printf.c                         0x00000000   Number         0  __printf_flags_ss.o ABSOLUTE
    ../clib/printf.c                         0x00000000   Number         0  __2printf.o ABSOLUTE
    ../clib/printf.c                         0x00000000   Number         0  __printf_ss.o ABSOLUTE
    ../clib/printf.c                         0x00000000   Number         0  __printf_flags.o ABSOLUTE
    ../clib/printf.c                         0x00000000   Number         0  _printf_dec.o ABSOLUTE
    ../clib/printf.c                         0x00000000   Number         0  __printf_nopercent.o ABSOLUTE
    ../clib/printf.c                         0x00000000   Number         0  __printf.o ABSOLUTE
    ../clib/printf.c                         0x00000000   Number         0  noretval__2printf.o ABSOLUTE
    ../clib/printf_percent.s                 0x00000000   Number         0  _printf_percent_end.o ABSOLUTE
    ../clib/printf_percent.s                 0x00000000   Number         0  _printf_d.o ABSOLUTE
    ../clib/printf_percent.s                 0x00000000   Number         0  _printf_percent.o ABSOLUTE
    ../clib/signal.c                         0x00000000   Number         0  defsig_fpe_inner.o ABSOLUTE
    ../clib/signal.c                         0x00000000   Number         0  defsig_stak_inner.o ABSOLUTE
    ../clib/signal.c                         0x00000000   Number         0  defsig_pvfn_inner.o ABSOLUTE
    ../clib/signal.c                         0x00000000   Number         0  defsig_cppl_inner.o ABSOLUTE
    ../clib/signal.c                         0x00000000   Number         0  defsig_rtred_inner.o ABSOLUTE
    ../clib/signal.c                         0x00000000   Number         0  defsig_exit.o ABSOLUTE
    ../clib/signal.c                         0x00000000   Number         0  defsig_segv_inner.o ABSOLUTE
    ../clib/signal.c                         0x00000000   Number         0  defsig_other.o ABSOLUTE
    ../clib/signal.c                         0x00000000   Number         0  __raise.o ABSOLUTE
    ../clib/signal.c                         0x00000000   Number         0  defsig_rtred_outer.o ABSOLUTE
    ../clib/signal.c                         0x00000000   Number         0  defsig_rtred_formal.o ABSOLUTE
    ../clib/signal.c                         0x00000000   Number         0  defsig_general.o ABSOLUTE
    ../clib/signal.c                         0x00000000   Number         0  defsig_rtmem_outer.o ABSOLUTE
    ../clib/signal.c                         0x00000000   Number         0  defsig_rtmem_formal.o ABSOLUTE
    ../clib/signal.c                         0x00000000   Number         0  defsig_rtmem_inner.o ABSOLUTE
    ../clib/signal.c                         0x00000000   Number         0  defsig_abrt_inner.o ABSOLUTE
    ../clib/signal.s                         0x00000000   Number         0  defsig.o ABSOLUTE
    ../clib/stdio.c                          0x00000000   Number         0  stdio_streams.o ABSOLUTE
    ../clib/stdio.c                          0x00000000   Number         0  ftell.o ABSOLUTE
    ../clib/stdio.c                          0x00000000   Number         0  stdio.o ABSOLUTE
    ../clib/stdio.c                          0x00000000   Number         0  fseek.o ABSOLUTE
    ../clib/stdio.c                          0x00000000   Number         0  initio.o ABSOLUTE
    ../clib/stdio.c                          0x00000000   Number         0  setvbuf.o ABSOLUTE
    ../clib/stdio.c                          0x00000000   Number         0  streamlock.o ABSOLUTE
    ../clib/stdio.c                          0x00000000   Number         0  fopen.o ABSOLUTE
    ../clib/stdio.c                          0x00000000   Number         0  fclose.o ABSOLUTE
    ../clib/stdio.c                          0x00000000   Number         0  setvbuf_locked.o ABSOLUTE
    ../clib/stdio.c                          0x00000000   Number         0  fopen_locked.o ABSOLUTE
    ../clib/stdio.c                          0x00000000   Number         0  initio_locked.o ABSOLUTE
    ../clib/stdlib.c                         0x00000000   Number         0  exit.o ABSOLUTE
    ../clib/string.c                         0x00000000   Number         0  strlen.o ABSOLUTE
    ../fplib/fpinit.s                        0x00000000   Number         0  fpinit.o ABSOLUTE
    ADCSWTrigger.c                           0x00000000   Number         0  adcswtrigger.o ABSOLUTE
    ADCTestMain.c                            0x00000000   Number         0  adctestmain.o ABSOLUTE
    PLL.c                                    0x00000000   Number         0  pll.o ABSOLUTE
    ST7735.c                                 0x00000000   Number         0  st7735.o ABSOLUTE
    Timer1.c                                 0x00000000   Number         0  timer1.o ABSOLUTE
    dc.s                                     0x00000000   Number         0  dc.o ABSOLUTE
    startup.s                                0x00000000   Number         0  startup.o ABSOLUTE
    $v0                                      0x0000026c   Number         0  startup.o(RESET)
    !!!main                                  0x00000284   Section        8  __main.o(!!!main)
    !!!scatter                               0x0000028c   Section       52  __scatter.o(!!!scatter)
    !!handler_copy                           0x000002c0   Section       26  __scatter_copy.o(!!handler_copy)
    !!handler_zi                             0x000002dc   Section       28  __scatter_zi.o(!!handler_zi)
    .ARM.Collect$$_printf_percent$$00000000  0x000002f8   Section        0  _printf_percent.o(.ARM.Collect$$_printf_percent$$00000000)
    .ARM.Collect$$_printf_percent$$00000009  0x000002f8   Section        6  _printf_d.o(.ARM.Collect$$_printf_percent$$00000009)
    .ARM.Collect$$_printf_percent$$00000017  0x000002fe   Section        4  _printf_percent_end.o(.ARM.Collect$$_printf_percent$$00000017)
    .ARM.Collect$$libinit$$00000000          0x00000302   Section        2  libinit.o(.ARM.Collect$$libinit$$00000000)
    .ARM.Collect$$libinit$$00000001          0x00000304   Section        4  libinit2.o(.ARM.Collect$$libinit$$00000001)
    .ARM.Collect$$libinit$$00000003          0x00000308   Section        8  libinit2.o(.ARM.Collect$$libinit$$00000003)
    .ARM.Collect$$libinit$$00000008          0x00000310   Section        0  libinit2.o(.ARM.Collect$$libinit$$00000008)
    .ARM.Collect$$libinit$$0000000A          0x00000310   Section        0  libinit2.o(.ARM.Collect$$libinit$$0000000A)
    .ARM.Collect$$libinit$$0000000C          0x00000310   Section        0  libinit2.o(.ARM.Collect$$libinit$$0000000C)
    .ARM.Collect$$libinit$$0000000F          0x00000310   Section        0  libinit2.o(.ARM.Collect$$libinit$$0000000F)
    .ARM.Collect$$libinit$$00000011          0x00000310   Section        0  libinit2.o(.ARM.Collect$$libinit$$00000011)
    .ARM.Collect$$libinit$$00000013          0x00000310   Section        0  libinit2.o(.ARM.Collect$$libinit$$00000013)
    .ARM.Collect$$libinit$$00000015          0x00000310   Section        0  libinit2.o(.ARM.Collect$$libinit$$00000015)
    .ARM.Collect$$libinit$$00000017          0x00000310   Section        0  libinit2.o(.ARM.Collect$$libinit$$00000017)
    .ARM.Collect$$libinit$$00000019          0x00000310   Section        0  libinit2.o(.ARM.Collect$$libinit$$00000019)
    .ARM.Collect$$libinit$$0000001B          0x00000310   Section        0  libinit2.o(.ARM.Collect$$libinit$$0000001B)
    .ARM.Collect$$libinit$$0000001D          0x00000310   Section        0  libinit2.o(.ARM.Collect$$libinit$$0000001D)
    .ARM.Collect$$libinit$$0000001F          0x00000310   Section        0  libinit2.o(.ARM.Collect$$libinit$$0000001F)
    .ARM.Collect$$libinit$$00000021          0x00000310   Section        0  libinit2.o(.ARM.Collect$$libinit$$00000021)
    .ARM.Collect$$libinit$$00000022          0x00000310   Section        4  libinit2.o(.ARM.Collect$$libinit$$00000022)
    .ARM.Collect$$libinit$$00000023          0x00000314   Section        0  libinit2.o(.ARM.Collect$$libinit$$00000023)
    .ARM.Collect$$libinit$$0000002A          0x00000314   Section        0  libinit2.o(.ARM.Collect$$libinit$$0000002A)
    .ARM.Collect$$libinit$$0000002C          0x00000314   Section        0  libinit2.o(.ARM.Collect$$libinit$$0000002C)
    .ARM.Collect$$libinit$$0000002E          0x00000314   Section        0  libinit2.o(.ARM.Collect$$libinit$$0000002E)
    .ARM.Collect$$libinit$$00000030          0x00000314   Section        0  libinit2.o(.ARM.Collect$$libinit$$00000030)
    .ARM.Collect$$libinit$$00000031          0x00000314   Section        2  libinit2.o(.ARM.Collect$$libinit$$00000031)
    .ARM.Collect$$libshutdown$$00000000      0x00000316   Section        2  libshutdown.o(.ARM.Collect$$libshutdown$$00000000)
    .ARM.Collect$$libshutdown$$00000002      0x00000318   Section        4  libshutdown2.o(.ARM.Collect$$libshutdown$$00000002)
    .ARM.Collect$$libshutdown$$00000003      0x0000031c   Section        0  libshutdown2.o(.ARM.Collect$$libshutdown$$00000003)
    .ARM.Collect$$libshutdown$$00000006      0x0000031c   Section        0  libshutdown2.o(.ARM.Collect$$libshutdown$$00000006)
    .ARM.Collect$$libshutdown$$00000009      0x0000031c   Section        0  libshutdown2.o(.ARM.Collect$$libshutdown$$00000009)
    .ARM.Collect$$libshutdown$$0000000B      0x0000031c   Section        0  libshutdown2.o(.ARM.Collect$$libshutdown$$0000000B)
    .ARM.Collect$$libshutdown$$0000000E      0x0000031c   Section        0  libshutdown2.o(.ARM.Collect$$libshutdown$$0000000E)
    .ARM.Collect$$libshutdown$$0000000F      0x0000031c   Section        2  libshutdown2.o(.ARM.Collect$$libshutdown$$0000000F)
    .ARM.Collect$$rtentry$$00000000          0x0000031e   Section        0  rtentry.o(.ARM.Collect$$rtentry$$00000000)
    .ARM.Collect$$rtentry$$00000002          0x0000031e   Section        0  rtentry2.o(.ARM.Collect$$rtentry$$00000002)
    .ARM.Collect$$rtentry$$00000004          0x0000031e   Section        6  rtentry4.o(.ARM.Collect$$rtentry$$00000004)
    .ARM.Collect$$rtentry$$00000009          0x00000324   Section        0  rtentry2.o(.ARM.Collect$$rtentry$$00000009)
    .ARM.Collect$$rtentry$$0000000A          0x00000324   Section        4  rtentry2.o(.ARM.Collect$$rtentry$$0000000A)
    .ARM.Collect$$rtentry$$0000000C          0x00000328   Section        0  rtentry2.o(.ARM.Collect$$rtentry$$0000000C)
    .ARM.Collect$$rtentry$$0000000D          0x00000328   Section        8  rtentry2.o(.ARM.Collect$$rtentry$$0000000D)
    .ARM.Collect$$rtexit$$00000000           0x00000330   Section        2  rtexit.o(.ARM.Collect$$rtexit$$00000000)
    .ARM.Collect$$rtexit$$00000002           0x00000332   Section        0  rtexit2.o(.ARM.Collect$$rtexit$$00000002)
    .ARM.Collect$$rtexit$$00000003           0x00000332   Section        4  rtexit2.o(.ARM.Collect$$rtexit$$00000003)
    .ARM.Collect$$rtexit$$00000004           0x00000336   Section        6  rtexit2.o(.ARM.Collect$$rtexit$$00000004)
    .emb_text                                0x0000033c   Section        0  maybetermalloc1.o(.emb_text)
    .text                                    0x0000033c   Section       48  startup.o(.text)
    $v0                                      0x0000033c   Number         0  startup.o(.text)
    .text                                    0x0000036c   Section        0  adcswtrigger.o(.text)
    .text                                    0x00000480   Section        0  adctestmain.o(.text)
    .text                                    0x0000074c   Section        0  pll.o(.text)
    .text                                    0x000007c8   Section        0  st7735.o(.text)
    writecommand                             0x000007c9   Thumb Code    40  st7735.o(.text)
    writedata                                0x000007f1   Thumb Code    24  st7735.o(.text)
    commandList                              0x00000829   Thumb Code    86  st7735.o(.text)
    commonInit                               0x0000087f   Thumb Code   340  st7735.o(.text)
    setAddrWindow                            0x000009d3   Thumb Code   106  st7735.o(.text)
    pushColor                                0x00000b8d   Thumb Code    18  st7735.o(.text)
    .text                                    0x0000173c   Section        0  timer1.o(.text)
    .text                                    0x0000179c   Section        0  noretval__2printf.o(.text)
    .text                                    0x000017b4   Section        0  __printf.o(.text)
    .text                                    0x0000181c   Section        0  _printf_dec.o(.text)
    .text                                    0x00001894   Section        0  heapauxi.o(.text)
    .text                                    0x0000189a   Section        0  _printf_intcommon.o(.text)
    .text                                    0x00001954   Section        0  _printf_char_file.o(.text)
    .text                                    0x00001978   Section        0  _printf_char_common.o(.text)
    _printf_input_char                       0x00001979   Thumb Code    10  _printf_char_common.o(.text)
    .text                                    0x000019a8   Section        0  initio.o(.text)
    .text                                    0x00001ae0   Section        0  sys_io.o(.text)
    .text                                    0x00001b46   Section       74  sys_stackheap_outer.o(.text)
    .text                                    0x00001b90   Section        0  h1_free.o(.text)
    .text                                    0x00001bde   Section        0  setvbuf.o(.text)
    .text                                    0x00001c24   Section        0  fopen.o(.text)
    _freopen_locked                          0x00001c25   Thumb Code     0  fopen.o(.text)
    .text                                    0x00001d10   Section        0  fclose.o(.text)
    .text                                    0x00001d5c   Section        0  exit.o(.text)
    .text                                    0x00001d68   Section        0  defsig_rtred_outer.o(.text)
    .text                                    0x00001d76   Section       78  rt_memclr_w.o(.text)
    .text                                    0x00001dc4   Section        8  libspace.o(.text)
    .text                                    0x00001dcc   Section        2  use_no_semi.o(.text)
    .text                                    0x00001dce   Section        0  indicate_semi.o(.text)
    .text                                    0x00001dd0   Section        8  rt_heap_descriptor_intlibspace.o(.text)
    .text                                    0x00001dd8   Section        0  hguard.o(.text)
    .text                                    0x00001ddc   Section        0  init_alloc.o(.text)
    .text                                    0x00001e66   Section        0  h1_alloc.o(.text)
    .text                                    0x00001ec4   Section        0  fseek.o(.text)
    .text                                    0x00001fbc   Section        0  stdio.o(.text)
    .text                                    0x000020ac   Section        0  defsig_exit.o(.text)
    .text                                    0x000020b8   Section        0  defsig_rtred_inner.o(.text)
    .text                                    0x000020ec   Section        0  strlen.o(.text)
    .text                                    0x0000212c   Section        0  sys_exit.o(.text)
    .text                                    0x00002138   Section        0  h1_init.o(.text)
    .text                                    0x00002146   Section        0  h1_extend.o(.text)
    .text                                    0x0000217a   Section        0  ftell.o(.text)
    .text                                    0x000021c0   Section        0  defsig_general.o(.text)
    .text                                    0x000021f2   Section        0  defsig_rtmem_outer.o(.text)
    .text                                    0x00002200   Section        0  sys_wrch.o(.text)
    .text                                    0x00002210   Section        8  rt_errno_addr_intlibspace.o(.text)
    .text                                    0x00002218   Section        0  defsig_rtmem_inner.o(.text)
    x$fpl$fpinit                             0x00002268   Section       10  fpinit.o(x$fpl$fpinit)
    $v0                                      0x00002268   Number         0  fpinit.o(x$fpl$fpinit)
    .constdata                               0x00002272   Section     2018  st7735.o(.constdata)
    Font                                     0x00002272   Data        1275  st7735.o(.constdata)
    Bcmd                                     0x0000276d   Data         103  st7735.o(.constdata)
    Rcmd1                                    0x000027d4   Data          59  st7735.o(.constdata)
    Rcmd2green                               0x0000280f   Data          13  st7735.o(.constdata)
    Rcmd2red                                 0x0000281c   Data          13  st7735.o(.constdata)
    Rcmd3                                    0x00002829   Data          43  st7735.o(.constdata)
    .constdata                               0x00002a54   Section        4  sys_io.o(.constdata)
    .constdata                               0x00002a58   Section        4  sys_io.o(.constdata)
    .constdata                               0x00002a5c   Section        4  sys_io.o(.constdata)
    .data                                    0x20000000   Section       28  adctestmain.o(.data)
    .data                                    0x2000001c   Section       44  st7735.o(.data)
    _width                                   0x20000026   Data           2  st7735.o(.data)
    _height                                  0x20000028   Data           2  st7735.o(.data)
    ColStart                                 0x20000030   Data           1  st7735.o(.data)
    RowStart                                 0x20000031   Data           1  st7735.o(.data)
    Rotation                                 0x20000032   Data           1  st7735.o(.data)
    TabColor                                 0x20000033   Data           1  st7735.o(.data)
    .data                                    0x20000048   Section        4  stdio_streams.o(.data)
    .data                                    0x2000004c   Section        4  stdio_streams.o(.data)
    .data                                    0x20000050   Section        4  stdio_streams.o(.data)
    .bss                                     0x20000054   Section    28384  adctestmain.o(.bss)
    .bss                                     0x20006f34   Section       12  st7735.o(.bss)
    .bss                                     0x20006f40   Section       84  stdio_streams.o(.bss)
    .bss                                     0x20006f94   Section       84  stdio_streams.o(.bss)
    .bss                                     0x20006fe8   Section       84  stdio_streams.o(.bss)
    .bss                                     0x2000703c   Section       96  libspace.o(.bss)
    HEAP                                     0x200070a0   Section        0  startup.o(HEAP)
    STACK                                    0x200070a0   Section     1024  startup.o(STACK)
    HeapMem                                  0x200070a0   Data           0  startup.o(HEAP)
    StackMem                                 0x200070a0   Data           0  startup.o(STACK)

    Global Symbols

    Symbol Name                              Value     Ov Type        Size  Object(Section)

    BuildAttributes$$THM_ISAv4$E$P$D$K$B$S$7EM$VFPi3$EXTD16$VFPS$VFMA$PE$A:L22UL41UL21$X:L11$S22US41US21$IEEE1$IW$USESV6$~STKCKD$USESV7$~SHL$OTIME$ROPI$EBA8$UX$STANDARDLIB$REQ8$PRES8$EABIv2 0x00000000   Number         0  anon$$obj.o ABSOLUTE
    __ARM_use_no_argv                        0x00000000   Number         0  adctestmain.o ABSOLUTE
    __Vectors                                0x00000000   Data           0  startup.o(RESET)
    __ARM_exceptions_init                     - Undefined Weak Reference
    __alloca_initialize                       - Undefined Weak Reference
    __cpp_initialize__aeabi_                  - Undefined Weak Reference
    __cxa_finalize                            - Undefined Weak Reference
    __rt_locale                               - Undefined Weak Reference
    __sigvec_lookup                           - Undefined Weak Reference
    __user_heap_extent                        - Undefined Weak Reference
    _atexit_init                              - Undefined Weak Reference
    _call_atexit_fns                          - Undefined Weak Reference
    _clock_init                               - Undefined Weak Reference
    _fp_trap_init                             - Undefined Weak Reference
    _fp_trap_shutdown                         - Undefined Weak Reference
    _get_lc_collate                           - Undefined Weak Reference
    _get_lc_ctype                             - Undefined Weak Reference
    _get_lc_monetary                          - Undefined Weak Reference
    _get_lc_numeric                           - Undefined Weak Reference
    _get_lc_time                              - Undefined Weak Reference
    _getenv_init                              - Undefined Weak Reference
    _handle_redirection                       - Undefined Weak Reference
    _mutex_acquire                            - Undefined Weak Reference
    _mutex_free                               - Undefined Weak Reference
    _mutex_release                            - Undefined Weak Reference
    _printf_post_padding                      - Undefined Weak Reference
    _printf_pre_padding                       - Undefined Weak Reference
    _printf_truncate_signed                   - Undefined Weak Reference
    _printf_truncate_unsigned                 - Undefined Weak Reference
    _rand_init                                - Undefined Weak Reference
    _signal_finish                            - Undefined Weak Reference
    _signal_init                              - Undefined Weak Reference
    Reset_Handler                            0x0000026d   Thumb Code     0  startup.o(RESET)
    NMI_Handler                              0x00000271   Thumb Code     2  startup.o(RESET)
    HardFault_Handler                        0x00000273   Thumb Code     2  startup.o(RESET)
    MemManage_Handler                        0x00000275   Thumb Code     2  startup.o(RESET)
    BusFault_Handler                         0x00000277   Thumb Code     2  startup.o(RESET)
    UsageFault_Handler                       0x00000279   Thumb Code     2  startup.o(RESET)
    SVC_Handler                              0x0000027b   Thumb Code     2  startup.o(RESET)
    DebugMon_Handler                         0x0000027d   Thumb Code     2  startup.o(RESET)
    PendSV_Handler                           0x0000027f   Thumb Code     2  startup.o(RESET)
    SysTick_Handler                          0x00000281   Thumb Code     2  startup.o(RESET)
    ADC0Seq0_Handler                         0x00000283   Thumb Code     0  startup.o(RESET)
    ADC0Seq1_Handler                         0x00000283   Thumb Code     0  startup.o(RESET)
    ADC0Seq2_Handler                         0x00000283   Thumb Code     0  startup.o(RESET)
    ADC0Seq3_Handler                         0x00000283   Thumb Code     0  startup.o(RESET)
    ADC1Seq0_Handler                         0x00000283   Thumb Code     0  startup.o(RESET)
    ADC1Seq1_Handler                         0x00000283   Thumb Code     0  startup.o(RESET)
    ADC1Seq2_Handler                         0x00000283   Thumb Code     0  startup.o(RESET)
    ADC1Seq3_Handler                         0x00000283   Thumb Code     0  startup.o(RESET)
    CAN0_Handler                             0x00000283   Thumb Code     0  startup.o(RESET)
    CAN1_Handler                             0x00000283   Thumb Code     0  startup.o(RESET)
    CAN2_Handler                             0x00000283   Thumb Code     0  startup.o(RESET)
    Comp0_Handler                            0x00000283   Thumb Code     0  startup.o(RESET)
    Comp1_Handler                            0x00000283   Thumb Code     0  startup.o(RESET)
    Comp2_Handler                            0x00000283   Thumb Code     0  startup.o(RESET)
    Ethernet_Handler                         0x00000283   Thumb Code     0  startup.o(RESET)
    ExtBus_Handler                           0x00000283   Thumb Code     0  startup.o(RESET)
    FPU_Handler                              0x00000283   Thumb Code     0  startup.o(RESET)
    Fan0_Handler                             0x00000283   Thumb Code     0  startup.o(RESET)
    FlashCtl_Handler                         0x00000283   Thumb Code     0  startup.o(RESET)
    GPIOPortA_Handler                        0x00000283   Thumb Code     0  startup.o(RESET)
    GPIOPortB_Handler                        0x00000283   Thumb Code     0  startup.o(RESET)
    GPIOPortC_Handler                        0x00000283   Thumb Code     0  startup.o(RESET)
    GPIOPortD_Handler                        0x00000283   Thumb Code     0  startup.o(RESET)
    GPIOPortE_Handler                        0x00000283   Thumb Code     0  startup.o(RESET)
    GPIOPortF_Handler                        0x00000283   Thumb Code     0  startup.o(RESET)
    GPIOPortG_Handler                        0x00000283   Thumb Code     0  startup.o(RESET)
    GPIOPortH_Handler                        0x00000283   Thumb Code     0  startup.o(RESET)
    GPIOPortJ_Handler                        0x00000283   Thumb Code     0  startup.o(RESET)
    GPIOPortK_Handler                        0x00000283   Thumb Code     0  startup.o(RESET)
    GPIOPortL_Handler                        0x00000283   Thumb Code     0  startup.o(RESET)
    GPIOPortM_Handler                        0x00000283   Thumb Code     0  startup.o(RESET)
    GPIOPortN_Handler                        0x00000283   Thumb Code     0  startup.o(RESET)
    GPIOPortP1_Handler                       0x00000283   Thumb Code     0  startup.o(RESET)
    GPIOPortP2_Handler                       0x00000283   Thumb Code     0  startup.o(RESET)
    GPIOPortP3_Handler                       0x00000283   Thumb Code     0  startup.o(RESET)
    GPIOPortP4_Handler                       0x00000283   Thumb Code     0  startup.o(RESET)
    GPIOPortP5_Handler                       0x00000283   Thumb Code     0  startup.o(RESET)
    GPIOPortP6_Handler                       0x00000283   Thumb Code     0  startup.o(RESET)
    GPIOPortP7_Handler                       0x00000283   Thumb Code     0  startup.o(RESET)
    GPIOPortP_Handler                        0x00000283   Thumb Code     0  startup.o(RESET)
    GPIOPortQ1_Handler                       0x00000283   Thumb Code     0  startup.o(RESET)
    GPIOPortQ2_Handler                       0x00000283   Thumb Code     0  startup.o(RESET)
    GPIOPortQ3_Handler                       0x00000283   Thumb Code     0  startup.o(RESET)
    GPIOPortQ4_Handler                       0x00000283   Thumb Code     0  startup.o(RESET)
    GPIOPortQ5_Handler                       0x00000283   Thumb Code     0  startup.o(RESET)
    GPIOPortQ6_Handler                       0x00000283   Thumb Code     0  startup.o(RESET)
    GPIOPortQ7_Handler                       0x00000283   Thumb Code     0  startup.o(RESET)
    GPIOPortQ_Handler                        0x00000283   Thumb Code     0  startup.o(RESET)
    GPIOPortR_Handler                        0x00000283   Thumb Code     0  startup.o(RESET)
    GPIOPortS_Handler                        0x00000283   Thumb Code     0  startup.o(RESET)
    Hibernate_Handler                        0x00000283   Thumb Code     0  startup.o(RESET)
    I2C0_Handler                             0x00000283   Thumb Code     0  startup.o(RESET)
    I2C1_Handler                             0x00000283   Thumb Code     0  startup.o(RESET)
    I2C2_Handler                             0x00000283   Thumb Code     0  startup.o(RESET)
    I2C3_Handler                             0x00000283   Thumb Code     0  startup.o(RESET)
    I2C4_Handler                             0x00000283   Thumb Code     0  startup.o(RESET)
    I2C5_Handler                             0x00000283   Thumb Code     0  startup.o(RESET)
    I2S0_Handler                             0x00000283   Thumb Code     0  startup.o(RESET)
    LPC0_Handler                             0x00000283   Thumb Code     0  startup.o(RESET)
    PECI0_Handler                            0x00000283   Thumb Code     0  startup.o(RESET)
    PWM0Fault_Handler                        0x00000283   Thumb Code     0  startup.o(RESET)
    PWM0Generator0_Handler                   0x00000283   Thumb Code     0  startup.o(RESET)
    PWM0Generator1_Handler                   0x00000283   Thumb Code     0  startup.o(RESET)
    PWM0Generator2_Handler                   0x00000283   Thumb Code     0  startup.o(RESET)
    PWM0Generator3_Handler                   0x00000283   Thumb Code     0  startup.o(RESET)
    PWM1Fault_Handler                        0x00000283   Thumb Code     0  startup.o(RESET)
    PWM1Generator0_Handler                   0x00000283   Thumb Code     0  startup.o(RESET)
    PWM1Generator1_Handler                   0x00000283   Thumb Code     0  startup.o(RESET)
    PWM1Generator2_Handler                   0x00000283   Thumb Code     0  startup.o(RESET)
    PWM1Generator3_Handler                   0x00000283   Thumb Code     0  startup.o(RESET)
    Quadrature0_Handler                      0x00000283   Thumb Code     0  startup.o(RESET)
    Quadrature1_Handler                      0x00000283   Thumb Code     0  startup.o(RESET)
    Quadrature2_Handler                      0x00000283   Thumb Code     0  startup.o(RESET)
    SSI0_Handler                             0x00000283   Thumb Code     0  startup.o(RESET)
    SSI1_Handler                             0x00000283   Thumb Code     0  startup.o(RESET)
    SSI2_Handler                             0x00000283   Thumb Code     0  startup.o(RESET)
    SSI3_Handler                             0x00000283   Thumb Code     0  startup.o(RESET)
    SysCtl_Handler                           0x00000283   Thumb Code     0  startup.o(RESET)
    Timer0B_Handler                          0x00000283   Thumb Code     0  startup.o(RESET)
    Timer1A_Handler                          0x00000283   Thumb Code     0  startup.o(RESET)
    Timer1B_Handler                          0x00000283   Thumb Code     0  startup.o(RESET)
    Timer2A_Handler                          0x00000283   Thumb Code     0  startup.o(RESET)
    Timer2B_Handler                          0x00000283   Thumb Code     0  startup.o(RESET)
    Timer3A_Handler                          0x00000283   Thumb Code     0  startup.o(RESET)
    Timer3B_Handler                          0x00000283   Thumb Code     0  startup.o(RESET)
    Timer4A_Handler                          0x00000283   Thumb Code     0  startup.o(RESET)
    Timer4B_Handler                          0x00000283   Thumb Code     0  startup.o(RESET)
    Timer5A_Handler                          0x00000283   Thumb Code     0  startup.o(RESET)
    Timer5B_Handler                          0x00000283   Thumb Code     0  startup.o(RESET)
    UART0_Handler                            0x00000283   Thumb Code     0  startup.o(RESET)
    UART1_Handler                            0x00000283   Thumb Code     0  startup.o(RESET)
    UART2_Handler                            0x00000283   Thumb Code     0  startup.o(RESET)
    UART3_Handler                            0x00000283   Thumb Code     0  startup.o(RESET)
    UART4_Handler                            0x00000283   Thumb Code     0  startup.o(RESET)
    UART5_Handler                            0x00000283   Thumb Code     0  startup.o(RESET)
    UART6_Handler                            0x00000283   Thumb Code     0  startup.o(RESET)
    UART7_Handler                            0x00000283   Thumb Code     0  startup.o(RESET)
    USB0_Handler                             0x00000283   Thumb Code     0  startup.o(RESET)
    WDT_Handler                              0x00000283   Thumb Code     0  startup.o(RESET)
    WideTimer0A_Handler                      0x00000283   Thumb Code     0  startup.o(RESET)
    WideTimer0B_Handler                      0x00000283   Thumb Code     0  startup.o(RESET)
    WideTimer1A_Handler                      0x00000283   Thumb Code     0  startup.o(RESET)
    WideTimer1B_Handler                      0x00000283   Thumb Code     0  startup.o(RESET)
    WideTimer2A_Handler                      0x00000283   Thumb Code     0  startup.o(RESET)
    WideTimer2B_Handler                      0x00000283   Thumb Code     0  startup.o(RESET)
    WideTimer3A_Handler                      0x00000283   Thumb Code     0  startup.o(RESET)
    WideTimer3B_Handler                      0x00000283   Thumb Code     0  startup.o(RESET)
    WideTimer4A_Handler                      0x00000283   Thumb Code     0  startup.o(RESET)
    WideTimer4B_Handler                      0x00000283   Thumb Code     0  startup.o(RESET)
    WideTimer5A_Handler                      0x00000283   Thumb Code     0  startup.o(RESET)
    WideTimer5B_Handler                      0x00000283   Thumb Code     0  startup.o(RESET)
    uDMA_Error                               0x00000283   Thumb Code     0  startup.o(RESET)
    uDMA_Handler                             0x00000283   Thumb Code     0  startup.o(RESET)
    __main                                   0x00000285   Thumb Code     8  __main.o(!!!main)
    __scatterload                            0x0000028d   Thumb Code     0  __scatter.o(!!!scatter)
    __scatterload_rt2                        0x0000028d   Thumb Code    44  __scatter.o(!!!scatter)
    __scatterload_rt2_thumb_only             0x0000028d   Thumb Code     0  __scatter.o(!!!scatter)
    __scatterload_null                       0x0000029b   Thumb Code     0  __scatter.o(!!!scatter)
    __scatterload_copy                       0x000002c1   Thumb Code    26  __scatter_copy.o(!!handler_copy)
    __scatterload_zeroinit                   0x000002dd   Thumb Code    28  __scatter_zi.o(!!handler_zi)
    _printf_d                                0x000002f9   Thumb Code     0  _printf_d.o(.ARM.Collect$$_printf_percent$$00000009)
    _printf_percent                          0x000002f9   Thumb Code     0  _printf_percent.o(.ARM.Collect$$_printf_percent$$00000000)
    _printf_percent_end                      0x000002ff   Thumb Code     0  _printf_percent_end.o(.ARM.Collect$$_printf_percent$$00000017)
    __rt_lib_init                            0x00000303   Thumb Code     0  libinit.o(.ARM.Collect$$libinit$$00000000)
    __rt_lib_init_fp_1                       0x00000305   Thumb Code     0  libinit2.o(.ARM.Collect$$libinit$$00000001)
    __rt_lib_init_heap_2                     0x00000309   Thumb Code     0  libinit2.o(.ARM.Collect$$libinit$$00000003)
    __rt_lib_init_atexit_1                   0x00000311   Thumb Code     0  libinit2.o(.ARM.Collect$$libinit$$00000019)
    __rt_lib_init_clock_1                    0x00000311   Thumb Code     0  libinit2.o(.ARM.Collect$$libinit$$0000001F)
    __rt_lib_init_fp_trap_1                  0x00000311   Thumb Code     0  libinit2.o(.ARM.Collect$$libinit$$0000001D)
    __rt_lib_init_getenv_1                   0x00000311   Thumb Code     0  libinit2.o(.ARM.Collect$$libinit$$00000021)
    __rt_lib_init_heap_1                     0x00000311   Thumb Code     0  libinit2.o(.ARM.Collect$$libinit$$00000008)
    __rt_lib_init_lc_collate_1               0x00000311   Thumb Code     0  libinit2.o(.ARM.Collect$$libinit$$0000000F)
    __rt_lib_init_lc_ctype_1                 0x00000311   Thumb Code     0  libinit2.o(.ARM.Collect$$libinit$$00000011)
    __rt_lib_init_lc_monetary_1              0x00000311   Thumb Code     0  libinit2.o(.ARM.Collect$$libinit$$00000013)
    __rt_lib_init_lc_numeric_1               0x00000311   Thumb Code     0  libinit2.o(.ARM.Collect$$libinit$$00000015)
    __rt_lib_init_lc_time_1                  0x00000311   Thumb Code     0  libinit2.o(.ARM.Collect$$libinit$$00000017)
    __rt_lib_init_rand_1                     0x00000311   Thumb Code     0  libinit2.o(.ARM.Collect$$libinit$$0000000C)
    __rt_lib_init_signal_1                   0x00000311   Thumb Code     0  libinit2.o(.ARM.Collect$$libinit$$0000001B)
    __rt_lib_init_stdio_2                    0x00000311   Thumb Code     0  libinit2.o(.ARM.Collect$$libinit$$00000022)
    __rt_lib_init_user_alloc_1               0x00000311   Thumb Code     0  libinit2.o(.ARM.Collect$$libinit$$0000000A)
    __rt_lib_init_alloca_1                   0x00000315   Thumb Code     0  libinit2.o(.ARM.Collect$$libinit$$0000002C)
    __rt_lib_init_argv_1                     0x00000315   Thumb Code     0  libinit2.o(.ARM.Collect$$libinit$$0000002A)
    __rt_lib_init_cpp_1                      0x00000315   Thumb Code     0  libinit2.o(.ARM.Collect$$libinit$$00000030)
    __rt_lib_init_exceptions_1               0x00000315   Thumb Code     0  libinit2.o(.ARM.Collect$$libinit$$0000002E)
    __rt_lib_init_return                     0x00000315   Thumb Code     0  libinit2.o(.ARM.Collect$$libinit$$00000031)
    __rt_lib_init_stdio_1                    0x00000315   Thumb Code     0  libinit2.o(.ARM.Collect$$libinit$$00000023)
    __rt_lib_shutdown                        0x00000317   Thumb Code     0  libshutdown.o(.ARM.Collect$$libshutdown$$00000000)
    __rt_lib_shutdown_stdio_2                0x00000319   Thumb Code     0  libshutdown2.o(.ARM.Collect$$libshutdown$$00000002)
    __rt_lib_shutdown_fp_trap_1              0x0000031d   Thumb Code     0  libshutdown2.o(.ARM.Collect$$libshutdown$$00000006)
    __rt_lib_shutdown_heap_1                 0x0000031d   Thumb Code     0  libshutdown2.o(.ARM.Collect$$libshutdown$$0000000E)
    __rt_lib_shutdown_return                 0x0000031d   Thumb Code     0  libshutdown2.o(.ARM.Collect$$libshutdown$$0000000F)
    __rt_lib_shutdown_signal_1               0x0000031d   Thumb Code     0  libshutdown2.o(.ARM.Collect$$libshutdown$$00000009)
    __rt_lib_shutdown_stdio_1                0x0000031d   Thumb Code     0  libshutdown2.o(.ARM.Collect$$libshutdown$$00000003)
    __rt_lib_shutdown_user_alloc_1           0x0000031d   Thumb Code     0  libshutdown2.o(.ARM.Collect$$libshutdown$$0000000B)
    __rt_entry                               0x0000031f   Thumb Code     0  rtentry.o(.ARM.Collect$$rtentry$$00000000)
    __rt_entry_presh_1                       0x0000031f   Thumb Code     0  rtentry2.o(.ARM.Collect$$rtentry$$00000002)
    __rt_entry_sh                            0x0000031f   Thumb Code     0  rtentry4.o(.ARM.Collect$$rtentry$$00000004)
    __rt_entry_li                            0x00000325   Thumb Code     0  rtentry2.o(.ARM.Collect$$rtentry$$0000000A)
    __rt_entry_postsh_1                      0x00000325   Thumb Code     0  rtentry2.o(.ARM.Collect$$rtentry$$00000009)
    __rt_entry_main                          0x00000329   Thumb Code     0  rtentry2.o(.ARM.Collect$$rtentry$$0000000D)
    __rt_entry_postli_1                      0x00000329   Thumb Code     0  rtentry2.o(.ARM.Collect$$rtentry$$0000000C)
    __rt_exit                                0x00000331   Thumb Code     0  rtexit.o(.ARM.Collect$$rtexit$$00000000)
    __rt_exit_ls                             0x00000333   Thumb Code     0  rtexit2.o(.ARM.Collect$$rtexit$$00000003)
    __rt_exit_prels_1                        0x00000333   Thumb Code     0  rtexit2.o(.ARM.Collect$$rtexit$$00000002)
    __rt_exit_exit                           0x00000337   Thumb Code     0  rtexit2.o(.ARM.Collect$$rtexit$$00000004)
    DisableInterrupts                        0x0000033d   Thumb Code     0  startup.o(.text)
    _maybe_terminate_alloc                   0x0000033d   Thumb Code     0  maybetermalloc1.o(.emb_text)
    EnableInterrupts                         0x00000341   Thumb Code     0  startup.o(.text)
    StartCritical                            0x00000345   Thumb Code     0  startup.o(.text)
    EndCritical                              0x0000034d   Thumb Code     0  startup.o(.text)
    WaitForInterrupt                         0x00000353   Thumb Code     0  startup.o(.text)
    __user_initial_stackheap                 0x00000357   Thumb Code     0  startup.o(.text)
    ADC0_InitSWTriggerSeq3_Ch9               0x0000036d   Thumb Code   206  adcswtrigger.o(.text)
    ADC0_InSeq3                              0x0000043b   Thumb Code    36  adcswtrigger.o(.text)
    Timer0A_Init100HzInt                     0x00000481   Thumb Code    98  adctestmain.o(.text)
    Timer0A_Handler                          0x000004e3   Thumb Code   100  adctestmain.o(.text)
    main                                     0x00000547   Thumb Code   394  adctestmain.o(.text)
    PLL_Init                                 0x0000074d   Thumb Code   118  pll.o(.text)
    Delay1ms                                 0x00000809   Thumb Code    32  st7735.o(.text)
    ST7735_FillRect                          0x00000a3d   Thumb Code   164  st7735.o(.text)
    ST7735_FillScreen                        0x00000ae1   Thumb Code    28  st7735.o(.text)
    ST7735_SetCursor                         0x00000afd   Thumb Code    22  st7735.o(.text)
    ST7735_InitB                             0x00000b13   Thumb Code    32  st7735.o(.text)
    ST7735_InitR                             0x00000b33   Thumb Code    90  st7735.o(.text)
    ST7735_DrawPixel                         0x00000b9f   Thumb Code   162  st7735.o(.text)
    ST7735_DrawFastVLine                     0x00000c41   Thumb Code   116  st7735.o(.text)
    ST7735_DrawFastHLine                     0x00000cb5   Thumb Code   116  st7735.o(.text)
    ST7735_Color565                          0x00000d29   Thumb Code    24  st7735.o(.text)
    ST7735_SwapColor                         0x00000d41   Thumb Code    18  st7735.o(.text)
    ST7735_DrawBitmap                        0x00000d53   Thumb Code   280  st7735.o(.text)
    ST7735_DrawCharS                         0x00000e6b   Thumb Code   232  st7735.o(.text)
    ST7735_DrawChar                          0x00000f53   Thumb Code   270  st7735.o(.text)
    ST7735_DrawString                        0x00001061   Thumb Code    84  st7735.o(.text)
    fillmessage                              0x000010b5   Thumb Code    64  st7735.o(.text)
    ST7735_OutUDec                           0x000010f5   Thumb Code   118  st7735.o(.text)
    ST7735_SetRotation                       0x0000116b   Thumb Code   196  st7735.o(.text)
    ST7735_InvertDisplay                     0x0000122f   Thumb Code    22  st7735.o(.text)
    ST7735_PlotClear                         0x00001245   Thumb Code    74  st7735.o(.text)
    ST7735_PlotPoint                         0x0000128f   Thumb Code   136  st7735.o(.text)
    ST7735_PlotLine                          0x00001317   Thumb Code   242  st7735.o(.text)
    ST7735_PlotPoints                        0x00001409   Thumb Code   154  st7735.o(.text)
    ST7735_PlotBar                           0x000014a3   Thumb Code   132  st7735.o(.text)
    ST7735_PlotdBfs                          0x00001527   Thumb Code    52  st7735.o(.text)
    ST7735_PlotNext                          0x0000155b   Thumb Code    28  st7735.o(.text)
    ST7735_PlotNextErase                     0x00001577   Thumb Code    58  st7735.o(.text)
    ST7735_OutChar                           0x000015b1   Thumb Code   176  st7735.o(.text)
    ST7735_OutString                         0x00001661   Thumb Code    22  st7735.o(.text)
    ST7735_SetTextColor                      0x00001677   Thumb Code     6  st7735.o(.text)
    fputc                                    0x0000167d   Thumb Code    16  st7735.o(.text)
    fgetc                                    0x0000168d   Thumb Code     6  st7735.o(.text)
    ferror                                   0x00001693   Thumb Code     8  st7735.o(.text)
    Output_Init                              0x0000169b   Thumb Code    16  st7735.o(.text)
    Output_Clear                             0x000016ab   Thumb Code    10  st7735.o(.text)
    Output_Off                               0x000016b5   Thumb Code     8  st7735.o(.text)
    Output_On                                0x000016bd   Thumb Code     8  st7735.o(.text)
    Output_Color                             0x000016c5   Thumb Code    12  st7735.o(.text)
    ST7735_DrawLine                          0x000016d1   Thumb Code    64  st7735.o(.text)
    Timer1_Init                              0x0000173d   Thumb Code    80  timer1.o(.text)
    __2printf                                0x0000179d   Thumb Code    20  noretval__2printf.o(.text)
    __printf                                 0x000017b5   Thumb Code   104  __printf.o(.text)
    _printf_int_dec                          0x0000181d   Thumb Code   102  _printf_dec.o(.text)
    __use_two_region_memory                  0x00001895   Thumb Code     2  heapauxi.o(.text)
    __rt_heap_escrow                         0x00001897   Thumb Code     2  heapauxi.o(.text)
    __rt_heap_expand                         0x00001899   Thumb Code     2  heapauxi.o(.text)
    _printf_int_common                       0x0000189b   Thumb Code   184  _printf_intcommon.o(.text)
    _printf_char_file                        0x00001955   Thumb Code    32  _printf_char_file.o(.text)
    _printf_char_common                      0x00001983   Thumb Code    32  _printf_char_common.o(.text)
    _initio                                  0x000019a9   Thumb Code   210  initio.o(.text)
    _terminateio                             0x00001a7b   Thumb Code    56  initio.o(.text)
    _sys_open                                0x00001ae1   Thumb Code    20  sys_io.o(.text)
    _sys_close                               0x00001af5   Thumb Code    12  sys_io.o(.text)
    _sys_write                               0x00001b01   Thumb Code    16  sys_io.o(.text)
    _sys_read                                0x00001b11   Thumb Code    14  sys_io.o(.text)
    _sys_istty                               0x00001b1f   Thumb Code    12  sys_io.o(.text)
    _sys_seek                                0x00001b2b   Thumb Code    14  sys_io.o(.text)
    _sys_ensure                              0x00001b39   Thumb Code     2  sys_io.o(.text)
    _sys_flen                                0x00001b3b   Thumb Code    12  sys_io.o(.text)
    __user_setup_stackheap                   0x00001b47   Thumb Code    74  sys_stackheap_outer.o(.text)
    free                                     0x00001b91   Thumb Code    78  h1_free.o(.text)
    setvbuf                                  0x00001bdf   Thumb Code    70  setvbuf.o(.text)
    freopen                                  0x00001c25   Thumb Code   158  fopen.o(.text)
    fopen                                    0x00001cc3   Thumb Code    74  fopen.o(.text)
    _fclose_internal                         0x00001d11   Thumb Code    76  fclose.o(.text)
    fclose                                   0x00001d11   Thumb Code     0  fclose.o(.text)
    exit                                     0x00001d5d   Thumb Code    12  exit.o(.text)
    __rt_SIGRTRED                            0x00001d69   Thumb Code    14  defsig_rtred_outer.o(.text)
    __aeabi_memclr4                          0x00001d77   Thumb Code     0  rt_memclr_w.o(.text)
    __aeabi_memclr8                          0x00001d77   Thumb Code     0  rt_memclr_w.o(.text)
    __rt_memclr_w                            0x00001d77   Thumb Code    78  rt_memclr_w.o(.text)
    _memset_w                                0x00001d7b   Thumb Code     0  rt_memclr_w.o(.text)
    __user_libspace                          0x00001dc5   Thumb Code     8  libspace.o(.text)
    __user_perproc_libspace                  0x00001dc5   Thumb Code     0  libspace.o(.text)
    __user_perthread_libspace                0x00001dc5   Thumb Code     0  libspace.o(.text)
    __I$use$semihosting                      0x00001dcd   Thumb Code     0  use_no_semi.o(.text)
    __use_no_semihosting_swi                 0x00001dcd   Thumb Code     2  use_no_semi.o(.text)
    __semihosting_library_function           0x00001dcf   Thumb Code     0  indicate_semi.o(.text)
    __rt_heap_descriptor                     0x00001dd1   Thumb Code     8  rt_heap_descriptor_intlibspace.o(.text)
    __use_no_heap                            0x00001dd9   Thumb Code     2  hguard.o(.text)
    __heap$guard                             0x00001ddb   Thumb Code     2  hguard.o(.text)
    _terminate_user_alloc                    0x00001ddd   Thumb Code     2  init_alloc.o(.text)
    _init_user_alloc                         0x00001ddf   Thumb Code     2  init_alloc.o(.text)
    __Heap_Full                              0x00001de1   Thumb Code    34  init_alloc.o(.text)
    __Heap_Broken                            0x00001e03   Thumb Code     6  init_alloc.o(.text)
    _init_alloc                              0x00001e09   Thumb Code    94  init_alloc.o(.text)
    malloc                                   0x00001e67   Thumb Code    94  h1_alloc.o(.text)
    _fseek                                   0x00001ec5   Thumb Code   242  fseek.o(.text)
    fseek                                    0x00001ec5   Thumb Code     0  fseek.o(.text)
    _seterr                                  0x00001fbd   Thumb Code    20  stdio.o(.text)
    _writebuf                                0x00001fd1   Thumb Code    84  stdio.o(.text)
    _fflush                                  0x00002025   Thumb Code    70  stdio.o(.text)
    _deferredlazyseek                        0x0000206b   Thumb Code    60  stdio.o(.text)
    __sig_exit                               0x000020ad   Thumb Code    10  defsig_exit.o(.text)
    __rt_SIGRTRED_inner                      0x000020b9   Thumb Code    14  defsig_rtred_inner.o(.text)
    strlen                                   0x000020ed   Thumb Code    62  strlen.o(.text)
    _sys_exit                                0x0000212d   Thumb Code     8  sys_exit.o(.text)
    __Heap_Initialize                        0x00002139   Thumb Code    10  h1_init.o(.text)
    __Heap_DescSize                          0x00002143   Thumb Code     4  h1_init.o(.text)
    __Heap_ProvideMemory                     0x00002147   Thumb Code    52  h1_extend.o(.text)
    _ftell_internal                          0x0000217b   Thumb Code    70  ftell.o(.text)
    ftell                                    0x0000217b   Thumb Code     0  ftell.o(.text)
    __default_signal_display                 0x000021c1   Thumb Code    50  defsig_general.o(.text)
    __rt_SIGRTMEM                            0x000021f3   Thumb Code    14  defsig_rtmem_outer.o(.text)
    _ttywrch                                 0x00002201   Thumb Code    14  sys_wrch.o(.text)
    __aeabi_errno_addr                       0x00002211   Thumb Code     8  rt_errno_addr_intlibspace.o(.text)
    __errno$intlibspace                      0x00002211   Thumb Code     0  rt_errno_addr_intlibspace.o(.text)
    __rt_errno_addr$intlibspace              0x00002211   Thumb Code     0  rt_errno_addr_intlibspace.o(.text)
    __rt_SIGRTMEM_inner                      0x00002219   Thumb Code    22  defsig_rtmem_inner.o(.text)
    _fp_init                                 0x00002269   Thumb Code    10  fpinit.o(x$fpl$fpinit)
    __fplib_config_fpu_vfp                   0x00002271   Thumb Code     0  fpinit.o(x$fpl$fpinit)
    __fplib_config_pureend_doubles           0x00002271   Thumb Code     0  fpinit.o(x$fpl$fpinit)
    dBfs                                     0x00002854   Data         512  st7735.o(.constdata)
    __stdin_name                             0x00002a54   Data           4  sys_io.o(.constdata)
    __stdout_name                            0x00002a58   Data           4  sys_io.o(.constdata)
    __stderr_name                            0x00002a5c   Data           4  sys_io.o(.constdata)
    Region$$Table$$Base                      0x00002a60   Number         0  anon$$obj.o(Region$$Table)
    Region$$Table$$Limit                     0x00002a80   Number         0  anon$$obj.o(Region$$Table)
    dumpIndex                                0x20000000   Data           4  adctestmain.o(.data)
    largestTime                              0x20000004   Data           4  adctestmain.o(.data)
    smallestTime                             0x20000008   Data           4  adctestmain.o(.data)
    largestADCValue                          0x2000000c   Data           4  adctestmain.o(.data)
    smallestADCValue                         0x20000010   Data           4  adctestmain.o(.data)
    ADCvalue                                 0x20000014   Data           4  adctestmain.o(.data)
    timeJitter                               0x20000018   Data           4  adctestmain.o(.data)
    StX                                      0x2000001c   Data           4  st7735.o(.data)
    StY                                      0x20000020   Data           4  st7735.o(.data)
    StTextColor                              0x20000024   Data           2  st7735.o(.data)
    lastj                                    0x2000002c   Data           4  st7735.o(.data)
    Messageindex                             0x20000034   Data           4  st7735.o(.data)
    Ymax                                     0x20000038   Data           4  st7735.o(.data)
    Ymin                                     0x2000003c   Data           4  st7735.o(.data)
    X                                        0x20000040   Data           4  st7735.o(.data)
    Yrange                                   0x20000044   Data           4  st7735.o(.data)
    __aeabi_stdin                            0x20000048   Data           4  stdio_streams.o(.data)
    __aeabi_stdout                           0x2000004c   Data           4  stdio_streams.o(.data)
    __aeabi_stderr                           0x20000050   Data           4  stdio_streams.o(.data)
    currentTimeDump                          0x20000054   Data        4000  adctestmain.o(.bss)
    currentADCDump                           0x20000ff4   Data        4000  adctestmain.o(.bss)
    no_occurrences                           0x20001f94   Data       16384  adctestmain.o(.bss)
    timeDifference                           0x20005f94   Data        4000  adctestmain.o(.bss)
    Message                                  0x20006f34   Data          12  st7735.o(.bss)
    __stdin                                  0x20006f40   Data          84  stdio_streams.o(.bss)
    __stdout                                 0x20006f94   Data          84  stdio_streams.o(.bss)
    __stderr                                 0x20006fe8   Data          84  stdio_streams.o(.bss)
    __libspace_start                         0x2000703c   Data          96  libspace.o(.bss)
    __temporary_stack_top$libspace           0x2000709c   Data           0  libspace.o(.bss)



==============================================================================

Memory Map of the image

  Image Entry point : 0x0000026d

  Load Region LR_1 (Base: 0x00000000, Size: 0x00002ad4, Max: 0xffffffff, ABSOLUTE)

    Execution Region ER_RO (Base: 0x00000000, Size: 0x00002a80, Max: 0xffffffff, ABSOLUTE)

    Base Addr    Size         Type   Attr      Idx    E Section Name        Object

    0x00000000   0x00000284   Code   RO            3  * RESET               startup.o
    0x00000284   0x00000008   Code   RO          135  * !!!main             c_w.l(__main.o)
    0x0000028c   0x00000034   Code   RO          451    !!!scatter          c_w.l(__scatter.o)
    0x000002c0   0x0000001a   Code   RO          453    !!handler_copy      c_w.l(__scatter_copy.o)
    0x000002da   0x00000002   PAD
    0x000002dc   0x0000001c   Code   RO          455    !!handler_zi        c_w.l(__scatter_zi.o)
    0x000002f8   0x00000000   Code   RO          132    .ARM.Collect$$_printf_percent$$00000000  c_w.l(_printf_percent.o)
    0x000002f8   0x00000006   Code   RO          131    .ARM.Collect$$_printf_percent$$00000009  c_w.l(_printf_d.o)
    0x000002fe   0x00000004   Code   RO          142    .ARM.Collect$$_printf_percent$$00000017  c_w.l(_printf_percent_end.o)
    0x00000302   0x00000002   Code   RO          261    .ARM.Collect$$libinit$$00000000  c_w.l(libinit.o)
    0x00000304   0x00000004   Code   RO          262    .ARM.Collect$$libinit$$00000001  c_w.l(libinit2.o)
    0x00000308   0x00000008   Code   RO          264    .ARM.Collect$$libinit$$00000003  c_w.l(libinit2.o)
    0x00000310   0x00000000   Code   RO          266    .ARM.Collect$$libinit$$00000008  c_w.l(libinit2.o)
    0x00000310   0x00000000   Code   RO          268    .ARM.Collect$$libinit$$0000000A  c_w.l(libinit2.o)
    0x00000310   0x00000000   Code   RO          270    .ARM.Collect$$libinit$$0000000C  c_w.l(libinit2.o)
    0x00000310   0x00000000   Code   RO          273    .ARM.Collect$$libinit$$0000000F  c_w.l(libinit2.o)
    0x00000310   0x00000000   Code   RO          275    .ARM.Collect$$libinit$$00000011  c_w.l(libinit2.o)
    0x00000310   0x00000000   Code   RO          277    .ARM.Collect$$libinit$$00000013  c_w.l(libinit2.o)
    0x00000310   0x00000000   Code   RO          279    .ARM.Collect$$libinit$$00000015  c_w.l(libinit2.o)
    0x00000310   0x00000000   Code   RO          281    .ARM.Collect$$libinit$$00000017  c_w.l(libinit2.o)
    0x00000310   0x00000000   Code   RO          283    .ARM.Collect$$libinit$$00000019  c_w.l(libinit2.o)
    0x00000310   0x00000000   Code   RO          285    .ARM.Collect$$libinit$$0000001B  c_w.l(libinit2.o)
    0x00000310   0x00000000   Code   RO          287    .ARM.Collect$$libinit$$0000001D  c_w.l(libinit2.o)
    0x00000310   0x00000000   Code   RO          289    .ARM.Collect$$libinit$$0000001F  c_w.l(libinit2.o)
    0x00000310   0x00000000   Code   RO          291    .ARM.Collect$$libinit$$00000021  c_w.l(libinit2.o)
    0x00000310   0x00000004   Code   RO          292    .ARM.Collect$$libinit$$00000022  c_w.l(libinit2.o)
    0x00000314   0x00000000   Code   RO          293    .ARM.Collect$$libinit$$00000023  c_w.l(libinit2.o)
    0x00000314   0x00000000   Code   RO          297    .ARM.Collect$$libinit$$0000002A  c_w.l(libinit2.o)
    0x00000314   0x00000000   Code   RO          299    .ARM.Collect$$libinit$$0000002C  c_w.l(libinit2.o)
    0x00000314   0x00000000   Code   RO          301    .ARM.Collect$$libinit$$0000002E  c_w.l(libinit2.o)
    0x00000314   0x00000000   Code   RO          303    .ARM.Collect$$libinit$$00000030  c_w.l(libinit2.o)
    0x00000314   0x00000002   Code   RO          304    .ARM.Collect$$libinit$$00000031  c_w.l(libinit2.o)
    0x00000316   0x00000002   Code   RO          430    .ARM.Collect$$libshutdown$$00000000  c_w.l(libshutdown.o)
    0x00000318   0x00000004   Code   RO          306    .ARM.Collect$$libshutdown$$00000002  c_w.l(libshutdown2.o)
    0x0000031c   0x00000000   Code   RO          307    .ARM.Collect$$libshutdown$$00000003  c_w.l(libshutdown2.o)
    0x0000031c   0x00000000   Code   RO          310    .ARM.Collect$$libshutdown$$00000006  c_w.l(libshutdown2.o)
    0x0000031c   0x00000000   Code   RO          313    .ARM.Collect$$libshutdown$$00000009  c_w.l(libshutdown2.o)
    0x0000031c   0x00000000   Code   RO          315    .ARM.Collect$$libshutdown$$0000000B  c_w.l(libshutdown2.o)
    0x0000031c   0x00000000   Code   RO          318    .ARM.Collect$$libshutdown$$0000000E  c_w.l(libshutdown2.o)
    0x0000031c   0x00000002   Code   RO          319    .ARM.Collect$$libshutdown$$0000000F  c_w.l(libshutdown2.o)
    0x0000031e   0x00000000   Code   RO          137    .ARM.Collect$$rtentry$$00000000  c_w.l(rtentry.o)
    0x0000031e   0x00000000   Code   RO          150    .ARM.Collect$$rtentry$$00000002  c_w.l(rtentry2.o)
    0x0000031e   0x00000006   Code   RO          162    .ARM.Collect$$rtentry$$00000004  c_w.l(rtentry4.o)
    0x00000324   0x00000000   Code   RO          152    .ARM.Collect$$rtentry$$00000009  c_w.l(rtentry2.o)
    0x00000324   0x00000004   Code   RO          153    .ARM.Collect$$rtentry$$0000000A  c_w.l(rtentry2.o)
    0x00000328   0x00000000   Code   RO          155    .ARM.Collect$$rtentry$$0000000C  c_w.l(rtentry2.o)
    0x00000328   0x00000008   Code   RO          156    .ARM.Collect$$rtentry$$0000000D  c_w.l(rtentry2.o)
    0x00000330   0x00000002   Code   RO          326    .ARM.Collect$$rtexit$$00000000  c_w.l(rtexit.o)
    0x00000332   0x00000000   Code   RO          376    .ARM.Collect$$rtexit$$00000002  c_w.l(rtexit2.o)
    0x00000332   0x00000004   Code   RO          377    .ARM.Collect$$rtexit$$00000003  c_w.l(rtexit2.o)
    0x00000336   0x00000006   Code   RO          378    .ARM.Collect$$rtexit$$00000004  c_w.l(rtexit2.o)
    0x0000033c   0x00000000   Code   RO          382    .emb_text           c_w.l(maybetermalloc1.o)
    0x0000033c   0x00000030   Code   RO            4    .text               startup.o
    0x0000036c   0x00000114   Code   RO           12    .text               adcswtrigger.o
    0x00000480   0x000002cc   Code   RO           31    .text               adctestmain.o
    0x0000074c   0x0000007c   Code   RO           60    .text               pll.o
    0x000007c8   0x00000f74   Code   RO           72    .text               st7735.o
    0x0000173c   0x00000060   Code   RO           89    .text               timer1.o
    0x0000179c   0x00000018   Code   RO          105    .text               c_w.l(noretval__2printf.o)
    0x000017b4   0x00000068   Code   RO          107    .text               c_w.l(__printf.o)
    0x0000181c   0x00000078   Code   RO          109    .text               c_w.l(_printf_dec.o)
    0x00001894   0x00000006   Code   RO          133    .text               c_w.l(heapauxi.o)
    0x0000189a   0x000000b8   Code   RO          138    .text               c_w.l(_printf_intcommon.o)
    0x00001952   0x00000002   PAD
    0x00001954   0x00000024   Code   RO          140    .text               c_w.l(_printf_char_file.o)
    0x00001978   0x00000030   Code   RO          164    .text               c_w.l(_printf_char_common.o)
    0x000019a8   0x00000138   Code   RO          166    .text               c_w.l(initio.o)
    0x00001ae0   0x00000066   Code   RO          170    .text               c_w.l(sys_io.o)
    0x00001b46   0x0000004a   Code   RO          177    .text               c_w.l(sys_stackheap_outer.o)
    0x00001b90   0x0000004e   Code   RO          181    .text               c_w.l(h1_free.o)
    0x00001bde   0x00000046   Code   RO          237    .text               c_w.l(setvbuf.o)
    0x00001c24   0x000000ec   Code   RO          240    .text               c_w.l(fopen.o)
    0x00001d10   0x0000004c   Code   RO          242    .text               c_w.l(fclose.o)
    0x00001d5c   0x0000000c   Code   RO          248    .text               c_w.l(exit.o)
    0x00001d68   0x0000000e   Code   RO          250    .text               c_w.l(defsig_rtred_outer.o)
    0x00001d76   0x0000004e   Code   RO          254    .text               c_w.l(rt_memclr_w.o)
    0x00001dc4   0x00000008   Code   RO          320    .text               c_w.l(libspace.o)
    0x00001dcc   0x00000002   Code   RO          323    .text               c_w.l(use_no_semi.o)
    0x00001dce   0x00000000   Code   RO          325    .text               c_w.l(indicate_semi.o)
    0x00001dce   0x00000002   PAD
    0x00001dd0   0x00000008   Code   RO          333    .text               c_w.l(rt_heap_descriptor_intlibspace.o)
    0x00001dd8   0x00000004   Code   RO          335    .text               c_w.l(hguard.o)
    0x00001ddc   0x0000008a   Code   RO          337    .text               c_w.l(init_alloc.o)
    0x00001e66   0x0000005e   Code   RO          343    .text               c_w.l(h1_alloc.o)
    0x00001ec4   0x000000f8   Code   RO          357    .text               c_w.l(fseek.o)
    0x00001fbc   0x000000f0   Code   RO          359    .text               c_w.l(stdio.o)
    0x000020ac   0x0000000a   Code   RO          361    .text               c_w.l(defsig_exit.o)
    0x000020b6   0x00000002   PAD
    0x000020b8   0x00000034   Code   RO          363    .text               c_w.l(defsig_rtred_inner.o)
    0x000020ec   0x0000003e   Code   RO          365    .text               c_w.l(strlen.o)
    0x0000212a   0x00000002   PAD
    0x0000212c   0x0000000c   Code   RO          373    .text               c_w.l(sys_exit.o)
    0x00002138   0x0000000e   Code   RO          384    .text               c_w.l(h1_init.o)
    0x00002146   0x00000034   Code   RO          386    .text               c_w.l(h1_extend.o)
    0x0000217a   0x00000046   Code   RO          392    .text               c_w.l(ftell.o)
    0x000021c0   0x00000032   Code   RO          396    .text               c_w.l(defsig_general.o)
    0x000021f2   0x0000000e   Code   RO          398    .text               c_w.l(defsig_rtmem_outer.o)
    0x00002200   0x0000000e   Code   RO          411    .text               c_w.l(sys_wrch.o)
    0x0000220e   0x00000002   PAD
    0x00002210   0x00000008   Code   RO          418    .text               c_w.l(rt_errno_addr_intlibspace.o)
    0x00002218   0x00000050   Code   RO          424    .text               c_w.l(defsig_rtmem_inner.o)
    0x00002268   0x0000000a   Code   RO          371    x$fpl$fpinit        fz_wm.l(fpinit.o)
    0x00002272   0x000007e2   Data   RO           74    .constdata          st7735.o
    0x00002a54   0x00000004   Data   RO          171    .constdata          c_w.l(sys_io.o)
    0x00002a58   0x00000004   Data   RO          172    .constdata          c_w.l(sys_io.o)
    0x00002a5c   0x00000004   Data   RO          173    .constdata          c_w.l(sys_io.o)
    0x00002a60   0x00000020   Data   RO          449    Region$$Table       anon$$obj.o


    Execution Region ER_RW (Base: 0x20000000, Size: 0x00000054, Max: 0xffffffff, ABSOLUTE)

    Base Addr    Size         Type   Attr      Idx    E Section Name        Object

    0x20000000   0x0000001c   Data   RW           33    .data               adctestmain.o
    0x2000001c   0x0000002c   Data   RW           75    .data               st7735.o
    0x20000048   0x00000004   Data   RW          146    .data               c_w.l(stdio_streams.o)
    0x2000004c   0x00000004   Data   RW          147    .data               c_w.l(stdio_streams.o)
    0x20000050   0x00000004   Data   RW          148    .data               c_w.l(stdio_streams.o)


    Execution Region ER_ZI (Base: 0x20000054, Size: 0x0000744c, Max: 0xffffffff, ABSOLUTE)

    Base Addr    Size         Type   Attr      Idx    E Section Name        Object

    0x20000054   0x00006ee0   Zero   RW           32    .bss                adctestmain.o
    0x20006f34   0x0000000c   Zero   RW           73    .bss                st7735.o
    0x20006f40   0x00000054   Zero   RW          143    .bss                c_w.l(stdio_streams.o)
    0x20006f94   0x00000054   Zero   RW          144    .bss                c_w.l(stdio_streams.o)
    0x20006fe8   0x00000054   Zero   RW          145    .bss                c_w.l(stdio_streams.o)
    0x2000703c   0x00000060   Zero   RW          321    .bss                c_w.l(libspace.o)
    0x2000709c   0x00000004   PAD
    0x200070a0   0x00000000   Zero   RW            2    HEAP                startup.o
    0x200070a0   0x00000400   Zero   RW            1    STACK               startup.o


==============================================================================

Image component sizes


      Code (inc. data)   RO Data    RW Data    ZI Data      Debug   Object Name

       276         34          0          0          0       4949   adcswtrigger.o
       716        124          0         28      28384       3843   adctestmain.o
       124          6          0          0          0        439   pll.o
      3956        210       2018         44         12      15347   st7735.o
       692        632          0          0       1024        908   startup.o
        96         16          0          0          0        690   timer1.o

    ----------------------------------------------------------------------
      5860       1022       2050         72      29420      26176   Object Totals
         0          0         32          0          0          0   (incl. Generated)
         0          0          0          0          0          0   (incl. Padding)

    ----------------------------------------------------------------------

      Code (inc. data)   RO Data    RW Data    ZI Data      Debug   Library Member Name

         8          0          0          0          0         68   __main.o
       104          0          0          0          0         84   __printf.o
        52          8          0          0          0          0   __scatter.o
        26          0          0          0          0          0   __scatter_copy.o
        28          0          0          0          0          0   __scatter_zi.o
        48          6          0          0          0         96   _printf_char_common.o
        36          4          0          0          0         80   _printf_char_file.o
         6          0          0          0          0          0   _printf_d.o
       120         18          0          0          0         92   _printf_dec.o
       184          0          0          0          0         88   _printf_intcommon.o
         0          0          0          0          0          0   _printf_percent.o
         4          0          0          0          0          0   _printf_percent_end.o
        10          0          0          0          0         68   defsig_exit.o
        50          0          0          0          0         88   defsig_general.o
        80         58          0          0          0         76   defsig_rtmem_inner.o
        14          0          0          0          0         80   defsig_rtmem_outer.o
        52         38          0          0          0         76   defsig_rtred_inner.o
        14          0          0          0          0         80   defsig_rtred_outer.o
        12          0          0          0          0         72   exit.o
        76          0          0          0          0         88   fclose.o
       236          4          0          0          0        128   fopen.o
       248          6          0          0          0         84   fseek.o
        70          0          0          0          0         76   ftell.o
        94          0          0          0          0         80   h1_alloc.o
        52          0          0          0          0         68   h1_extend.o
        78          0          0          0          0         80   h1_free.o
        14          0          0          0          0         84   h1_init.o
         6          0          0          0          0        152   heapauxi.o
         4          0          0          0          0        136   hguard.o
         0          0          0          0          0          0   indicate_semi.o
       138          0          0          0          0        168   init_alloc.o
       312         46          0          0          0        112   initio.o
         2          0          0          0          0          0   libinit.o
        18          0          0          0          0          0   libinit2.o
         2          0          0          0          0          0   libshutdown.o
         6          0          0          0          0          0   libshutdown2.o
         8          4          0          0         96         68   libspace.o
         0          0          0          0          0          0   maybetermalloc1.o
        24          4          0          0          0         84   noretval__2printf.o
         8          4          0          0          0         68   rt_errno_addr_intlibspace.o
         8          4          0          0          0         68   rt_heap_descriptor_intlibspace.o
        78          0          0          0          0         80   rt_memclr_w.o
         0          0          0          0          0          0   rtentry.o
        12          0          0          0          0          0   rtentry2.o
         6          0          0          0          0          0   rtentry4.o
         2          0          0          0          0          0   rtexit.o
        10          0          0          0          0          0   rtexit2.o
        70          0          0          0          0         80   setvbuf.o
       240          6          0          0          0        156   stdio.o
         0          0          0         12        252          0   stdio_streams.o
        62          0          0          0          0         76   strlen.o
        12          4          0          0          0         68   sys_exit.o
       102          0         12          0          0        240   sys_io.o
        74          0          0          0          0         80   sys_stackheap_outer.o
        14          0          0          0          0         76   sys_wrch.o
         2          0          0          0          0         68   use_no_semi.o
        10          0          0          0          0        116   fpinit.o

    ----------------------------------------------------------------------
      2958        214         12         12        352       3632   Library Totals
        12          0          0          0          4          0   (incl. Padding)

    ----------------------------------------------------------------------

      Code (inc. data)   RO Data    RW Data    ZI Data      Debug   Library Name

      2936        214         12         12        348       3516   c_w.l
        10          0          0          0          0        116   fz_wm.l

    ----------------------------------------------------------------------
      2958        214         12         12        352       3632   Library Totals

    ----------------------------------------------------------------------

==============================================================================


      Code (inc. data)   RO Data    RW Data    ZI Data      Debug   

      8818       1236       2062         84      29772      27284   Grand Totals
      8818       1236       2062         84      29772      27284   ELF Image Totals
      8818       1236       2062         84          0          0   ROM Totals

==============================================================================

    Total RO  Size (Code + RO Data)                10880 (  10.63kB)
    Total RW  Size (RW Data + ZI Data)             29856 (  29.16kB)
    Total ROM Size (Code + RO Data + RW Data)      10964 (  10.71kB)

==============================================================================

